[
  [
    "-facebook-likeButton-",
    [
      52583
    ]
  ],
  [
    "-facebook-share.",
    [
      52584
    ]
  ],
  [
    "-facebook-widget.",
    [
      52585
    ]
  ],
  [
    "-follow-icon-",
    [
      52586
    ]
  ],
  [
    "-follow-icons.",
    [
      52587
    ]
  ],
  [
    "-follow-us-icons.",
    [
      52588
    ]
  ],
  [
    "-followicons.",
    [
      52589
    ]
  ],
  [
    "-share-bar/$~stylesheet",
    [
      52590
    ]
  ],
  [
    "-share-buttons2.",
    [
      52591
    ]
  ],
  [
    "-share-buttons3/$~stylesheet",
    [
      52592
    ]
  ],
  [
    "-share-sprite-",
    [
      52593
    ]
  ],
  [
    "-share-sprite.",
    [
      52594
    ]
  ],
  [
    "-share-tools-",
    [
      52595
    ]
  ],
  [
    "-sharebar-",
    [
      52596
    ]
  ],
  [
    "-sharebar.",
    [
      52597
    ]
  ],
  [
    "-ShareButton2.",
    [
      52598
    ]
  ],
  [
    "-sharebuttons_",
    [
      52599
    ]
  ],
  [
    "-sharetools-",
    [
      52600
    ]
  ],
  [
    "-shareWidget.",
    [
      52601
    ]
  ],
  [
    "-slide-social-",
    [
      52602
    ]
  ],
  [
    "-social-panel.",
    [
      52603
    ]
  ],
  [
    "-social-panel/",
    [
      52604
    ]
  ],
  [
    "-social-sidebar.",
    [
      52605
    ]
  ],
  [
    "-Social-Sidebar/",
    [
      52606
    ]
  ],
  [
    "-social-slider/",
    [
      52607
    ]
  ],
  [
    "-sprite-social-",
    [
      52608
    ]
  ],
  [
    ".fbshare.js",
    [
      52609
    ]
  ],
  [
    ".sharebar.js",
    [
      52610
    ]
  ],
  [
    ".sharing.js",
    [
      52611
    ]
  ],
  [
    "/a2a_share_",
    [
      52612
    ]
  ],
  [
    "/accesspress-social-counter/*",
    [
      52613
    ]
  ],
  [
    "/add-mymsn2.gif",
    [
      52614
    ]
  ],
  [
    "/addthis_widget.js",
    [
      52615
    ]
  ],
  [
    "/addtoany.min.js",
    [
      52616
    ]
  ],
  [
    "/advanced-social-widget.js",
    [
      52617
    ]
  ],
  [
    "/article-social/*",
    [
      52618
    ]
  ],
  [
    "/ashare.js",
    [
      52619
    ]
  ],
  [
    "/ayoshare.js",
    [
      52620
    ]
  ],
  [
    "/badge_twitter.jpg",
    [
      52621
    ]
  ],
  [
    "/badge_twitter.png",
    [
      52622
    ]
  ],
  [
    "/banner-social.jpg",
    [
      52623
    ]
  ],
  [
    "/banner-social.png",
    [
      52624
    ]
  ],
  [
    "/banner/social/*",
    [
      52625
    ]
  ],
  [
    "/bottom-facebook.jpg",
    [
      52626
    ]
  ],
  [
    "/bottom-facebook.png",
    [
      52627
    ]
  ],
  [
    "/bottom-twitter.jpg",
    [
      52628
    ]
  ],
  [
    "/bottom-twitter.png",
    [
      52629
    ]
  ],
  [
    "/button_share.png",
    [
      52630
    ]
  ],
  [
    "/cevhershare.js",
    [
      52631
    ]
  ],
  [
    "/common/sns/*",
    [
      52632
    ]
  ],
  [
    "/common/sns_",
    [
      52633
    ]
  ],
  [
    "/commons/social/*",
    [
      52634
    ]
  ],
  [
    "/commonSprites/social/*",
    [
      52635
    ]
  ],
  [
    "/cool-share/plugin.js",
    [
      52636
    ]
  ],
  [
    "/diggdigg-floating-bar.js",
    [
      52637
    ]
  ],
  [
    "/ej-socialslider/static/slideout.js",
    [
      52638
    ]
  ],
  [
    "/facebook-page-promoter-lightbox/includes/launch/launch.min.js",
    [
      52639
    ]
  ],
  [
    "/facebook-pagelike-widget/fb.js",
    [
      52640
    ]
  ],
  [
    "/facebook-popup-",
    [
      52641
    ]
  ],
  [
    "/facebook-side.jpg",
    [
      52642
    ]
  ],
  [
    "/facebook-side.png",
    [
      52643
    ]
  ],
  [
    "/facebook-vertical.png",
    [
      52644
    ]
  ],
  [
    "/facebook-vertical.svg",
    [
      52645
    ]
  ],
  [
    "/facebook_badge.gif",
    [
      52646
    ]
  ],
  [
    "/facebook_badge.jpg",
    [
      52647
    ]
  ],
  [
    "/facebook_badge.png",
    [
      52648
    ]
  ],
  [
    "/facebook_footer.png",
    [
      52649
    ]
  ],
  [
    "/facebook_footer.svg",
    [
      52650
    ]
  ],
  [
    "/facebook_like_button.png",
    [
      52651
    ]
  ],
  [
    "/facebook_sidebar.jpg",
    [
      52652
    ]
  ],
  [
    "/facebook_sidebar.png",
    [
      52653
    ]
  ],
  [
    "/facebook_sidebar.svg",
    [
      52654
    ]
  ],
  [
    "/facebook_social.png",
    [
      52655
    ]
  ],
  [
    "/facebook_top_icon.png",
    [
      52656
    ]
  ],
  [
    "/facebookbadge.gif",
    [
      52657
    ]
  ],
  [
    "/facebookbadge.jpg",
    [
      52658
    ]
  ],
  [
    "/facebookbadge.png",
    [
      52659
    ]
  ],
  [
    "/facebookBtmIcon.gif",
    [
      52660
    ]
  ],
  [
    "/facebookHeader.png",
    [
      52661
    ]
  ],
  [
    "/facebooksharebutton.png",
    [
      52662
    ]
  ],
  [
    "/facebooksocialplugins.js",
    [
      52663
    ]
  ],
  [
    "/facebooksquare.jpg",
    [
      52664
    ]
  ],
  [
    "/facebooksquare.png",
    [
      52665
    ]
  ],
  [
    "/facebooktrafficdriver.min.js",
    [
      52666
    ]
  ],
  [
    "/facebookwidget.js",
    [
      52667
    ]
  ],
  [
    "/fb-like-pop.js",
    [
      52668
    ]
  ],
  [
    "/fb-pixel.js",
    [
      52669
    ]
  ],
  [
    "/fb-traffic-pop.css",
    [
      52670
    ]
  ],
  [
    "/fb-traffic-pop.min.js",
    [
      52671
    ]
  ],
  [
    "/fb-widget.jpg",
    [
      52672
    ]
  ],
  [
    "/fb-widget.js",
    [
      52673
    ]
  ],
  [
    "/fb-widget.png",
    [
      52674
    ]
  ],
  [
    "/fb_modeles.css",
    [
      52675
    ]
  ],
  [
    "/fb_side.jpg",
    [
      52676
    ]
  ],
  [
    "/fb_side.png",
    [
      52677
    ]
  ],
  [
    "/fbfooter.png",
    [
      52678
    ]
  ],
  [
    "/fbfooter.svg",
    [
      52679
    ]
  ],
  [
    "/fbpop.js",
    [
      52680
    ]
  ],
  [
    "/fbshare.jpg",
    [
      52681
    ]
  ],
  [
    "/fbshare.js",
    [
      52682
    ]
  ],
  [
    "/fbshare.png",
    [
      52683
    ]
  ],
  [
    "/fbshare2.jpg",
    [
      52684
    ]
  ],
  [
    "/fbshare2.png",
    [
      52685
    ]
  ],
  [
    "/floating-social-bar/js/fsb.js",
    [
      52686
    ]
  ],
  [
    "/floating-wpp.min.js",
    [
      52687
    ]
  ],
  [
    "/flw-twitter.png",
    [
      52688
    ]
  ],
  [
    "/follow-linkedin.jpg",
    [
      52689
    ]
  ],
  [
    "/follow-twitter-",
    [
      52690
    ]
  ],
  [
    "/follow-twitter.",
    [
      52691
    ]
  ],
  [
    "/follow-us.$~stylesheet",
    [
      52692
    ]
  ],
  [
    "/follow-widget.js",
    [
      52693
    ]
  ],
  [
    "/follow_instagram.png",
    [
      52694
    ]
  ],
  [
    "/followusontwitter.jpg",
    [
      52695
    ]
  ],
  [
    "/followusontwitter.png",
    [
      52696
    ]
  ],
  [
    "/gadgets/Social/*",
    [
      52697
    ]
  ],
  [
    "/gallery/social/*$image",
    [
      52698
    ]
  ],
  [
    "/gen-share-master/assets/js/frontend/application.min.js",
    [
      52699
    ]
  ],
  [
    "/gfx/socials/*",
    [
      52700
    ]
  ],
  [
    "/gigya-socialize-for-wordpress/*$~script,~stylesheet",
    [
      52701
    ]
  ],
  [
    "/gm-button-social.min.js",
    [
      52702
    ]
  ],
  [
    "/graphics/share/*",
    [
      52703
    ]
  ],
  [
    "/Handlers/Sharrre.ashx?",
    [
      52704
    ]
  ],
  [
    "/header_socials.png",
    [
      52705
    ]
  ],
  [
    "/highlight-and-share.js",
    [
      52706
    ]
  ],
  [
    "/icon_share_",
    [
      52707
    ]
  ],
  [
    "/icon_sns_",
    [
      52708
    ]
  ],
  [
    "/images/social_black/*",
    [
      52709
    ]
  ],
  [
    "/itpsocialbuttons/images/*",
    [
      52710
    ]
  ],
  [
    "/itpsocialbuttons/style.css",
    [
      52711
    ]
  ],
  [
    "/Javascripts/Social.js",
    [
      52712
    ]
  ],
  [
    "/jiathis_share.css",
    [
      52713
    ]
  ],
  [
    "/jinda-facebook-lightbox/public/*",
    [
      52714
    ]
  ],
  [
    "/jquery-pin-it-button-for-images/js/jpibfi.client.js",
    [
      52715
    ]
  ],
  [
    "/jquery.shareaholic-publishers-sb.min.js",
    [
      52716
    ]
  ],
  [
    "/jquery.sharecount.min.js",
    [
      52717
    ]
  ],
  [
    "/jquery.stp.min.js",
    [
      52718
    ]
  ],
  [
    "/juiz-social-post-sharer-2.min.css",
    [
      52719
    ]
  ],
  [
    "/juiz-social-post-sharer-6.min.css",
    [
      52720
    ]
  ],
  [
    "/juiz-social-post-sharer.min.js",
    [
      52721
    ]
  ],
  [
    "/jumboShare.js",
    [
      52722
    ]
  ],
  [
    "/lg-share.js",
    [
      52723
    ]
  ],
  [
    "/like_button.js",
    [
      52724
    ]
  ],
  [
    "/like_button.png",
    [
      52725
    ]
  ],
  [
    "/likebox.php",
    [
      52726
    ]
  ],
  [
    "/likefacebook.jpg",
    [
      52727
    ]
  ],
  [
    "/likefacebook.png",
    [
      52728
    ]
  ],
  [
    "/likegate.js",
    [
      52729
    ]
  ],
  [
    "/likesScript.js",
    [
      52730
    ]
  ],
  [
    "/mod/socialbookmark/*",
    [
      52731
    ]
  ],
  [
    "/mod_socialmedialinks/icons/*",
    [
      52732
    ]
  ],
  [
    "/mod_socialmedialinks/style.css",
    [
      52733
    ]
  ],
  [
    "/mod_socialslider/tmpl/*",
    [
      52734
    ]
  ],
  [
    "/myshare/assets/js/*",
    [
      52735
    ]
  ],
  [
    "/needsharebutton.js",
    [
      52736
    ]
  ],
  [
    "/needsharebutton.min.css",
    [
      52737
    ]
  ],
  [
    "/o3-social-share-styles.css",
    [
      52738
    ]
  ],
  [
    "/oss_share.js",
    [
      52739
    ]
  ],
  [
    "/overlayShare.js",
    [
      52740
    ]
  ],
  [
    "/pandalocker.$script",
    [
      52741
    ]
  ],
  [
    "/pin_it_button.png",
    [
      52742
    ]
  ],
  [
    "/pinit-button.png",
    [
      52743
    ]
  ],
  [
    "/pinit.html?",
    [
      52744
    ]
  ],
  [
    "/pinterest-footer-icon.png",
    [
      52745
    ]
  ],
  [
    "/pinterest-footer-icon.svg",
    [
      52746
    ]
  ],
  [
    "/pinterest-footer-svg.ashx",
    [
      52747
    ]
  ],
  [
    "/pinterest-footer.ashx",
    [
      52748
    ]
  ],
  [
    "/pinterest-for-woocommerce-save-button.min.js",
    [
      52749
    ]
  ],
  [
    "/pinterest-for-woocommerce-tracking.min.js",
    [
      52750
    ]
  ],
  [
    "/pinterest-over.jpg",
    [
      52751
    ]
  ],
  [
    "/pinterest-over.png",
    [
      52752
    ]
  ],
  [
    "/pinterest_tag.js",
    [
      52753
    ]
  ],
  [
    "/pintrest-button.png",
    [
      52754
    ]
  ],
  [
    "/plugins/add-to-any-subscribe/subscribe_",
    [
      52755
    ]
  ],
  [
    "/plugins/add-to-any/addtoany.min.js",
    [
      52756
    ]
  ],
  [
    "/plugins/anmiated-twitter-bird/js/tripleflap.js",
    [
      52757
    ]
  ],
  [
    "/plugins/bookmarkify/*",
    [
      52758
    ]
  ],
  [
    "/plugins/delicious-bookmark-button/delit.js",
    [
      52759
    ]
  ],
  [
    "/plugins/dpSocialShare/js/jquery.dpSocialShare.js",
    [
      52760
    ]
  ],
  [
    "/plugins/easy-facebook-likebox/*",
    [
      52761
    ]
  ],
  [
    "/plugins/easy-twitter-feeds/public/js/widget.js",
    [
      52762
    ]
  ],
  [
    "/plugins/facebook-button-plugin/js/script.js",
    [
      52763
    ]
  ],
  [
    "/plugins/facebook-fanbox-popup/assets/js/spu.js",
    [
      52764
    ]
  ],
  [
    "/plugins/facebook-like-content-locker/js/pop.js",
    [
      52765
    ]
  ],
  [
    "/plugins/facebook-page-promoter-$~stylesheet",
    [
      52766
    ]
  ],
  [
    "/plugins/facebookpopuppro/js/facebookpopup.js",
    [
      52767
    ]
  ],
  [
    "/plugins/getsocial/lib/getsocial.js",
    [
      52768
    ]
  ],
  [
    "/plugins/knxdt-bookmarks-wordpress-plugin/css/style.css",
    [
      52769
    ]
  ],
  [
    "/plugins/light-social/*$~stylesheet",
    [
      52770
    ]
  ],
  [
    "/plugins/like-box-pro/includes/javascript/front_end_js.js",
    [
      52771
    ]
  ],
  [
    "/plugins/like-fb/js/popup.js",
    [
      52772
    ]
  ],
  [
    "/plugins/mashsharer/assets/js/mashsb.min.js",
    [
      52773
    ]
  ],
  [
    "/plugins/osd-social-media-sharing/includes/style.css",
    [
      52774
    ]
  ],
  [
    "/plugins/pinterest-pin-it-button-on-image-hover-and-post/js/pinit.js",
    [
      52775
    ]
  ],
  [
    "/plugins/rtsocial/js/rtss-main.js",
    [
      52776
    ]
  ],
  [
    "/plugins/share-and-follow/*$image",
    [
      52777
    ]
  ],
  [
    "/plugins/share-social/icons/*$image",
    [
      52778
    ]
  ],
  [
    "/plugins/simple-social-sharing-widgets-icons/*$~stylesheet",
    [
      52779
    ]
  ],
  [
    "/plugins/slick-social-share-buttons/*",
    [
      52780
    ]
  ],
  [
    "/plugins/slide-in/js/wdsi.js",
    [
      52781
    ]
  ],
  [
    "/plugins/sme-facebook-likebox-sidebar/*",
    [
      52782
    ]
  ],
  [
    "/plugins/sociable-re/images/*",
    [
      52783
    ]
  ],
  [
    "/plugins/sociable/*$~stylesheet",
    [
      52784
    ]
  ],
  [
    "/plugins/social-media-widget/*$image",
    [
      52785
    ]
  ],
  [
    "/plugins/social-profiles-widget/*$image",
    [
      52786
    ]
  ],
  [
    "/plugins/socialbox/assets/*",
    [
      52787
    ]
  ],
  [
    "/plugins/socialfans-counter/assets/js/socialfans-script.js",
    [
      52788
    ]
  ],
  [
    "/plugins/socialgrid/static/img/*",
    [
      52789
    ]
  ],
  [
    "/plugins/sociallocker-next-premium/*",
    [
      52790
    ]
  ],
  [
    "/plugins/StickySocialBar/js/sharefront.js",
    [
      52791
    ]
  ],
  [
    "/plugins/subscribe-connect-follow-widget/images/*",
    [
      52792
    ]
  ],
  [
    "/plugins/tweet-this/icons/*",
    [
      52793
    ]
  ],
  [
    "/plugins/tweetmeme/button.js",
    [
      52794
    ]
  ],
  [
    "/plugins/ultimate-follow-me/*",
    [
      52795
    ]
  ],
  [
    "/plugins/ultimate-social-deux/public/assets/js/min/us.script-min.js",
    [
      52796
    ]
  ],
  [
    "/plugins/viperbar/client/js/front.js",
    [
      52797
    ]
  ],
  [
    "/plugins/wordpress-social-ring/*",
    [
      52798
    ]
  ],
  [
    "/plugins/wp-plus-one/wp-plus-one.js",
    [
      52799
    ]
  ],
  [
    "/plugins/wp-social-toolbar-pro/js/corescripts.js",
    [
      52800
    ]
  ],
  [
    "/plugins/wp-tweet-button/tweetn.png",
    [
      52801
    ]
  ],
  [
    "/prisna-social-counter.css",
    [
      52802
    ]
  ],
  [
    "/qa-social-share.css",
    [
      52803
    ]
  ],
  [
    "/Resources/twitter-$~xmlhttprequest",
    [
      52804
    ]
  ],
  [
    "/rrshare.js",
    [
      52805
    ]
  ],
  [
    "/s9-social-sharing-front.css",
    [
      52806
    ]
  ],
  [
    "/scrollShareMenu.html",
    [
      52807
    ]
  ],
  [
    "/share-bar-1.min.js",
    [
      52808
    ]
  ],
  [
    "/share-bar/build/index.js",
    [
      52809
    ]
  ],
  [
    "/share-bar/share-bar.js",
    [
      52810
    ]
  ],
  [
    "/share-button?",
    [
      52811
    ]
  ],
  [
    "/share-controller.js",
    [
      52812
    ]
  ],
  [
    "/share-controller.min.js",
    [
      52813
    ]
  ],
  [
    "/share-leadoff-public.js",
    [
      52814
    ]
  ],
  [
    "/share-on-diaspora-css.php",
    [
      52815
    ]
  ],
  [
    "/share.php?buttons=",
    [
      52816
    ]
  ],
  [
    "/share/count?",
    [
      52817
    ]
  ],
  [
    "/share/footer/*",
    [
      52818
    ]
  ],
  [
    "/share/frame/*",
    [
      52819
    ]
  ],
  [
    "/share42.js",
    [
      52820
    ]
  ],
  [
    "/share_button?",
    [
      52821
    ]
  ],
  [
    "/share_count.js",
    [
      52822
    ]
  ],
  [
    "/share_iframe.js",
    [
      52823
    ]
  ],
  [
    "/share_popup.js",
    [
      52824
    ]
  ],
  [
    "/share_sprite.png",
    [
      52825
    ]
  ],
  [
    "/share_toolbar.js",
    [
      52826
    ]
  ],
  [
    "/share_view.js",
    [
      52827
    ]
  ],
  [
    "/share_wechat.jpg",
    [
      52828
    ]
  ],
  [
    "/share_wechat.png",
    [
      52829
    ]
  ],
  [
    "/share_weibo.jpg",
    [
      52830
    ]
  ],
  [
    "/share_weibo.png",
    [
      52831
    ]
  ],
  [
    "/shareaholic.js",
    [
      52832
    ]
  ],
  [
    "/shareArrow.png",
    [
      52833
    ]
  ],
  [
    "/sharebar.js",
    [
      52834
    ]
  ],
  [
    "/shareBar/*",
    [
      52835
    ]
  ],
  [
    "/sharebars/*",
    [
      52836
    ]
  ],
  [
    "/shareBtn_",
    [
      52837
    ]
  ],
  [
    "/sharebutton?",
    [
      52838
    ]
  ],
  [
    "/sharecount/*",
    [
      52839
    ]
  ],
  [
    "/sharecounter?",
    [
      52840
    ]
  ],
  [
    "/sharecounts/*",
    [
      52841
    ]
  ],
  [
    "/shared-social-",
    [
      52842
    ]
  ],
  [
    "/shared/btn_",
    [
      52843
    ]
  ],
  [
    "/shared/social/*",
    [
      52844
    ]
  ],
  [
    "/sharedaddy.js",
    [
      52845
    ]
  ],
  [
    "/sharedaddy/sharing.min.js",
    [
      52846
    ]
  ],
  [
    "/shareFacebook.jpg",
    [
      52847
    ]
  ],
  [
    "/shareFacebook.png",
    [
      52848
    ]
  ],
  [
    "/Sharefb.jpg",
    [
      52849
    ]
  ],
  [
    "/Sharefb.png",
    [
      52850
    ]
  ],
  [
    "/sharefb_icon.png",
    [
      52851
    ]
  ],
  [
    "/shareicon-branding-",
    [
      52852
    ]
  ],
  [
    "/shareIcons.$~stylesheet",
    [
      52853
    ]
  ],
  [
    "/shareit.js",
    [
      52854
    ]
  ],
  [
    "/shareon.iife.js",
    [
      52855
    ]
  ],
  [
    "/shareon.min.css",
    [
      52856
    ]
  ],
  [
    "/sharer.js",
    [
      52857
    ]
  ],
  [
    "/sharethis-buttons.js",
    [
      52858
    ]
  ],
  [
    "/sharethis.js",
    [
      52859
    ]
  ],
  [
    "/shareThisIcons.png",
    [
      52860
    ]
  ],
  [
    "/sharetool.php?",
    [
      52861
    ]
  ],
  [
    "/shareTools.js",
    [
      52862
    ]
  ],
  [
    "/shareTT.js",
    [
      52863
    ]
  ],
  [
    "/Sharetw.png",
    [
      52864
    ]
  ],
  [
    "/sharetw_icon.png",
    [
      52865
    ]
  ],
  [
    "/shareTwitter.jpg",
    [
      52866
    ]
  ],
  [
    "/shareTwitter.png",
    [
      52867
    ]
  ],
  [
    "/shariff.complete.js",
    [
      52868
    ]
  ],
  [
    "/shariff.min.js",
    [
      52869
    ]
  ],
  [
    "/sharing/sprites/*",
    [
      52870
    ]
  ],
  [
    "/sharing_icons/*",
    [
      52871
    ]
  ],
  [
    "/shrMain.min.js",
    [
      52872
    ]
  ],
  [
    "/sidebar-facebook-",
    [
      52873
    ]
  ],
  [
    "/sidebar-follow.png",
    [
      52874
    ]
  ],
  [
    "/sidebar-pinterest-",
    [
      52875
    ]
  ],
  [
    "/sidebar-twitter.png",
    [
      52876
    ]
  ],
  [
    "/sidebar_facebook.png",
    [
      52877
    ]
  ],
  [
    "/sidebar_twitter.png",
    [
      52878
    ]
  ],
  [
    "/silicon-counters.js",
    [
      52879
    ]
  ],
  [
    "/simple-share-$~stylesheet",
    [
      52880
    ]
  ],
  [
    "/simple-social-sharing/*$image",
    [
      52881
    ]
  ],
  [
    "/simpleshare.js",
    [
      52882
    ]
  ],
  [
    "/sm-share-",
    [
      52883
    ]
  ],
  [
    "/sme-facebook-likebox-sidebar/*",
    [
      52884
    ]
  ],
  [
    "/sns_naverband.png",
    [
      52885
    ]
  ],
  [
    "/social-bar.js",
    [
      52886
    ]
  ],
  [
    "/social-footer.jpg",
    [
      52887
    ]
  ],
  [
    "/social-footer.png",
    [
      52888
    ]
  ],
  [
    "/social-proof-testimonials-slider/admin/js/slick-block-editor.js",
    [
      52889
    ]
  ],
  [
    "/Social-Sidebar.js",
    [
      52890
    ]
  ],
  [
    "/social-twit.png",
    [
      52891
    ]
  ],
  [
    "/social-twit.svg",
    [
      52892
    ]
  ],
  [
    "/social-url-generator.js",
    [
      52893
    ]
  ],
  [
    "/social-url-generator.minc.js",
    [
      52894
    ]
  ],
  [
    "/social-widgets-",
    [
      52895
    ]
  ],
  [
    "/social/sprite-",
    [
      52896
    ]
  ],
  [
    "/social2s.min.js",
    [
      52897
    ]
  ],
  [
    "/social_balloon-",
    [
      52898
    ]
  ],
  [
    "/social_bookmarking.png",
    [
      52899
    ]
  ],
  [
    "/social_bookmarking/*$image",
    [
      52900
    ]
  ],
  [
    "/social_bookmarks/*",
    [
      52901
    ]
  ],
  [
    "/social_footer.png",
    [
      52902
    ]
  ],
  [
    "/social_header.jpg",
    [
      52903
    ]
  ],
  [
    "/social_header.png",
    [
      52904
    ]
  ],
  [
    "/social_popup.js",
    [
      52905
    ]
  ],
  [
    "/social_widget.js",
    [
      52906
    ]
  ],
  [
    "/socialappsintegrator.",
    [
      52907
    ]
  ],
  [
    "/socialbar-sso.js",
    [
      52908
    ]
  ],
  [
    "/socialbar.js",
    [
      52909
    ]
  ],
  [
    "/socialbar.php",
    [
      52910
    ]
  ],
  [
    "/socialbookmarkerbot_images/*",
    [
      52911
    ]
  ],
  [
    "/socialbookmarks.js",
    [
      52912
    ]
  ],
  [
    "/socialcount.js",
    [
      52913
    ]
  ],
  [
    "/socialcount.min.js",
    [
      52914
    ]
  ],
  [
    "/socialfooter.js",
    [
      52915
    ]
  ],
  [
    "/socialite.js",
    [
      52916
    ]
  ],
  [
    "/socialite.min.js",
    [
      52917
    ]
  ],
  [
    "/socialize/library.js",
    [
      52918
    ]
  ],
  [
    "/socialMediaButtons.png",
    [
      52919
    ]
  ],
  [
    "/SocialMediaButtons/tracking.js",
    [
      52920
    ]
  ],
  [
    "/socialmediasprite.png",
    [
      52921
    ]
  ],
  [
    "/socialnetwork-buttons/*",
    [
      52922
    ]
  ],
  [
    "/socialplugins/*",
    [
      52923
    ]
  ],
  [
    "/SocialSharePlugin.js",
    [
      52924
    ]
  ],
  [
    "/SocialSharePlugin.png",
    [
      52925
    ]
  ],
  [
    "/socialshares.js",
    [
      52926
    ]
  ],
  [
    "/socialsite/*",
    [
      52927
    ]
  ],
  [
    "/socialSmall/*",
    [
      52928
    ]
  ],
  [
    "/SocialSprite.",
    [
      52929
    ]
  ],
  [
    "/socialsprites.",
    [
      52930
    ]
  ],
  [
    "/socialstat?",
    [
      52931
    ]
  ],
  [
    "/socialtwitter1.png",
    [
      52932
    ]
  ],
  [
    "/socialwd/*",
    [
      52933
    ]
  ],
  [
    "/sociofluid/*$~script,~stylesheet",
    [
      52934
    ]
  ],
  [
    "/squaresocial-",
    [
      52935
    ]
  ],
  [
    "/stocktwits_share.png",
    [
      52936
    ]
  ],
  [
    "/synved-social/image/*",
    [
      52937
    ]
  ],
  [
    "/tabs/social/*",
    [
      52938
    ]
  ],
  [
    "/tarful-share-public.js",
    [
      52939
    ]
  ],
  [
    "/tools/newSideShare/*",
    [
      52940
    ]
  ],
  [
    "/tweet_footer.png",
    [
      52941
    ]
  ],
  [
    "/twfooter.png",
    [
      52942
    ]
  ],
  [
    "/twitbadge.jpg",
    [
      52943
    ]
  ],
  [
    "/twitter-follow-",
    [
      52944
    ]
  ],
  [
    "/twitter-footer-",
    [
      52945
    ]
  ],
  [
    "/twitter-v2.jpg",
    [
      52946
    ]
  ],
  [
    "/twitter-v2.png",
    [
      52947
    ]
  ],
  [
    "/twitter-widget.jpg",
    [
      52948
    ]
  ],
  [
    "/twitter-widget.png",
    [
      52949
    ]
  ],
  [
    "/twitter_badge.png",
    [
      52950
    ]
  ],
  [
    "/twitter_follow.jpg",
    [
      52951
    ]
  ],
  [
    "/twitter_follow.png",
    [
      52952
    ]
  ],
  [
    "/twitter_footer.jpg",
    [
      52953
    ]
  ],
  [
    "/twitter_footer.png",
    [
      52954
    ]
  ],
  [
    "/twitter_header.jpg",
    [
      52955
    ]
  ],
  [
    "/twitter_header.png",
    [
      52956
    ]
  ],
  [
    "/twitter_square.png",
    [
      52957
    ]
  ],
  [
    "/twitter_square.svg",
    [
      52958
    ]
  ],
  [
    "/twitterbadge.png",
    [
      52959
    ]
  ],
  [
    "/twitterfloat.js",
    [
      52960
    ]
  ],
  [
    "/twitterfollow.jpg",
    [
      52961
    ]
  ],
  [
    "/twitterfollow.png",
    [
      52962
    ]
  ],
  [
    "/twitterlib.js",
    [
      52963
    ]
  ],
  [
    "/twitteron.jpg",
    [
      52964
    ]
  ],
  [
    "/twitteron.png",
    [
      52965
    ]
  ],
  [
    "/twittersquare.png",
    [
      52966
    ]
  ],
  [
    "/videojs-share.js",
    [
      52967
    ]
  ],
  [
    "/viewboxTraffic_min.js",
    [
      52968
    ]
  ],
  [
    "/visual/social/*",
    [
      52969
    ]
  ],
  [
    "/vk_button.jpg",
    [
      52970
    ]
  ],
  [
    "/vk_button.png",
    [
      52971
    ]
  ],
  [
    "/weiboshare.html",
    [
      52972
    ]
  ],
  [
    "/whatsapp-button.js",
    [
      52973
    ]
  ],
  [
    "/whatsapp_button.php",
    [
      52974
    ]
  ],
  [
    "/whatsapp_icon.png",
    [
      52975
    ]
  ],
  [
    "/whatsappblogger.js",
    [
      52976
    ]
  ],
  [
    "/whatsappshare.jpg",
    [
      52977
    ]
  ],
  [
    "/whatsappshare.js",
    [
      52978
    ]
  ],
  [
    "/widget/share?",
    [
      52979
    ]
  ],
  [
    "/widget/share_",
    [
      52980
    ]
  ],
  [
    "/widgets/sharing-",
    [
      52981
    ]
  ],
  [
    "/widgets/socials/*",
    [
      52982
    ]
  ],
  [
    "/widgets/twitter/*",
    [
      52983
    ]
  ],
  [
    "/wordpress-popup/*$domain=ahchealthenews.com",
    [
      52984
    ]
  ],
  [
    "/wp-content/plugins/advanced-facebook-content-locker/*",
    [
      52985
    ]
  ],
  [
    "/wp-social-toolbar/js/scripts.js",
    [
      52986
    ]
  ],
  [
    "/wpsms-public.css",
    [
      52987
    ]
  ],
  [
    "/wpsms-public.min.js",
    [
      52988
    ]
  ],
  [
    "/ya-share.js",
    [
      52989
    ]
  ],
  [
    "_footer_twitter.",
    [
      52990
    ]
  ],
  [
    "_share_bookmark.",
    [
      52991
    ]
  ],
  [
    "_share_widget_",
    [
      52992
    ]
  ],
  [
    "_small_share.",
    [
      52993
    ]
  ],
  [
    "_social-bar/",
    [
      52994
    ]
  ],
  [
    "_social_badge_$~xmlhttprequest",
    [
      52995
    ]
  ],
  [
    "_social_bookmark/",
    [
      52996
    ]
  ],
  [
    "_social_bookmarks/",
    [
      52997
    ]
  ],
  [
    "_social_footer_",
    [
      52998
    ]
  ],
  [
    "/jquery.bpopup.$script,domain=telechargerunevideo.com",
    [
      52999
    ]
  ],
  [
    "/wp-content/plugins/videolock/*$script",
    [
      53000
    ]
  ],
  [
    "||addnow.com^$third-party",
    [
      53001
    ]
  ],
  [
    "||addthis.com^$third-party",
    [
      53002
    ]
  ],
  [
    "||addthiscdn.com^$domain=~addthis.com",
    [
      53003
    ]
  ],
  [
    "||addtoany.com^$third-party",
    [
      53004
    ]
  ],
  [
    "||assets.pinterest.com/js/pinit.js$third-party",
    [
      53005
    ]
  ],
  [
    "||assets.pinterest.com/pidget.html$third-party",
    [
      53006
    ]
  ],
  [
    "||b.hatena.ne.jp^$third-party",
    [
      53007
    ]
  ],
  [
    "||b.st-hatena.com/images/$image,third-party,domain=~b.hatena.ne.jp",
    [
      53008
    ]
  ],
  [
    "||b.st-hatena.com/js/$script,third-party,domain=~b.hatena.ne.jp",
    [
      53009
    ]
  ],
  [
    "||badge.facebook.com^$third-party",
    [
      53010
    ]
  ],
  [
    "||badges.instagram.com^$third-party",
    [
      53011
    ]
  ],
  [
    "||bloglovin.com/widget/$third-party",
    [
      53012
    ]
  ],
  [
    "||bshare.cn^$third-party",
    [
      53013
    ]
  ],
  [
    "||button-share.zalo.me^$third-party",
    [
      53014
    ]
  ],
  [
    "||button.like.co^$third-party",
    [
      53015
    ]
  ],
  [
    "||buttons.github.io/buttons.js$third-party",
    [
      53016
    ]
  ],
  [
    "||buttons.googlesyndication.com^$third-party",
    [
      53017
    ]
  ],
  [
    "||connect.ok.ru^$third-party",
    [
      53018
    ]
  ],
  [
    "||crowdynews.com^$third-party",
    [
      53019
    ]
  ],
  [
    "||dailymotion.com/badge/user/$third-party",
    [
      53020
    ]
  ],
  [
    "||digg.com^$script,subdocument,third-party",
    [
      53021
    ]
  ],
  [
    "||facebook.com/plugins/activity.php?$third-party",
    [
      53022
    ]
  ],
  [
    "||facebook.com/plugins/facepile.php?$third-party",
    [
      53023
    ]
  ],
  [
    "||facebook.com/plugins/fan.php?$third-party",
    [
      53024
    ]
  ],
  [
    "||facebook.com/plugins/follow.php$third-party",
    [
      53025
    ]
  ],
  [
    "||facebook.com/plugins/like.php?$third-party",
    [
      53026
    ]
  ],
  [
    "||facebook.com/plugins/like_box.php$third-party",
    [
      53027
    ]
  ],
  [
    "||facebook.com/plugins/likebox/$third-party",
    [
      53028
    ]
  ],
  [
    "||facebook.com/plugins/page.php?$third-party",
    [
      53029
    ]
  ],
  [
    "||facebook.com/plugins/recommendations.php?$third-party",
    [
      53030
    ]
  ],
  [
    "||facebook.com/plugins/send.php?$third-party",
    [
      53031
    ]
  ],
  [
    "||facebook.com/plugins/share_button.php?$third-party",
    [
      53032
    ]
  ],
  [
    "||facebook.com/plugins/subscribe.php$third-party",
    [
      53033
    ]
  ],
  [
    "||facebook.com/widgets/activity.php?$third-party",
    [
      53034
    ]
  ],
  [
    "||facebook.com/widgets/fan.php?$third-party",
    [
      53035
    ]
  ],
  [
    "||facebook.com/widgets/like.php?$third-party",
    [
      53036
    ]
  ],
  [
    "||facebook.com/widgets/recommendations.php?$third-party",
    [
      53037
    ]
  ],
  [
    "||facebook.com^*/plugins/like.php?$third-party",
    [
      53038
    ]
  ],
  [
    "||facebook.com^*/plugins/page.php?$third-party",
    [
      53039
    ]
  ],
  [
    "||facebook.com^*/plugins/share_button.php?$third-party",
    [
      53040
    ]
  ],
  [
    "||fark.com^$script,third-party",
    [
      53041
    ]
  ],
  [
    "||feedgrabbr.com/widget/",
    [
      53042
    ]
  ],
  [
    "||feedly.com/img/follows/$third-party",
    [
      53043
    ]
  ],
  [
    "||figshare.com^$third-party",
    [
      53044
    ]
  ],
  [
    "||filamentapp-assets.s3.amazonaws.com^$third-party",
    [
      53045
    ]
  ],
  [
    "||filamentapp.s3.amazonaws.com^$third-party",
    [
      53046
    ]
  ],
  [
    "||fireworkapi.com^$third-party",
    [
      53047
    ]
  ],
  [
    "||fireworkapi1.com^$third-party,domain=~matsukiyococokara-online.com",
    [
      53048
    ]
  ],
  [
    "||fireworktv.com^$third-party",
    [
      53049
    ]
  ],
  [
    "||flipboard.com/web/buttons/$third-party",
    [
      53050
    ]
  ],
  [
    "||followistic.com^$third-party",
    [
      53051
    ]
  ],
  [
    "||friends2follow.com^$subdocument,third-party",
    [
      53052
    ]
  ],
  [
    "||fwcdn2.com^$third-party",
    [
      53053
    ]
  ],
  [
    "||fwcdn3.com^$third-party",
    [
      53054
    ]
  ],
  [
    "||getbutton.io/widget-send-button/$third-party",
    [
      53055
    ]
  ],
  [
    "||getsocial.io/widget/$third-party",
    [
      53056
    ]
  ],
  [
    "||getsocial.io^*/gs_async.js$third-party",
    [
      53057
    ]
  ],
  [
    "||google.com/_/+1/$third-party",
    [
      53058
    ]
  ],
  [
    "||google.com^*/fastbutton?$third-party",
    [
      53059
    ]
  ],
  [
    "||gotchosen.com^$third-party",
    [
      53060
    ]
  ],
  [
    "||gplusapi.appspot.com^$third-party",
    [
      53061
    ]
  ],
  [
    "||graph.facebook.com/fql?q=SELECT$third-party",
    [
      53062
    ]
  ],
  [
    "||handll.com^$third-party",
    [
      53063
    ]
  ],
  [
    "||hatena.ne.jp/entry/button/$third-party",
    [
      53064
    ]
  ],
  [
    "||herokuapp.com/button.html?$third-party",
    [
      53065
    ]
  ],
  [
    "||hn-button.herokuapp.com^$third-party",
    [
      53066
    ]
  ],
  [
    "||iconosquare.com/widget.php$third-party",
    [
      53067
    ]
  ],
  [
    "||insidesoci.al^$third-party",
    [
      53068
    ]
  ],
  [
    "||jit.su/frame$third-party",
    [
      53069
    ]
  ],
  [
    "||jsoon.digitiminimi.com^$third-party",
    [
      53070
    ]
  ],
  [
    "||karmacracy.com/widget$third-party",
    [
      53071
    ]
  ],
  [
    "||lessbuttons.com^$third-party",
    [
      53072
    ]
  ],
  [
    "||likebtn.com^$third-party",
    [
      53073
    ]
  ],
  [
    "||line-apps.com^*/thirdparty/$third-party",
    [
      53074
    ]
  ],
  [
    "||line.me/js/line-button.js?$third-party",
    [
      53075
    ]
  ],
  [
    "||linkedin.com/countserv/$third-party",
    [
      53076
    ]
  ],
  [
    "||linkedin.com/img/$third-party",
    [
      53077
    ]
  ],
  [
    "||linkedin.com/uas/js/userspace?$third-party",
    [
      53078
    ]
  ],
  [
    "||linksalpha.com^$third-party",
    [
      53079
    ]
  ],
  [
    "||loveclaw.com^$third-party",
    [
      53080
    ]
  ],
  [
    "||markerly.com^$third-party",
    [
      53081
    ]
  ],
  [
    "||massrelevance.com^$third-party",
    [
      53082
    ]
  ],
  [
    "||meebo.com^$third-party",
    [
      53083
    ]
  ],
  [
    "||meerkatapp.co/btn/$third-party",
    [
      53084
    ]
  ],
  [
    "||messengerpeople.com^$third-party",
    [
      53085
    ]
  ],
  [
    "||milotree.com^$third-party",
    [
      53086
    ]
  ],
  [
    "||newsharecounts.com^$third-party",
    [
      53087
    ]
  ],
  [
    "||opensharecount.com^$third-party",
    [
      53088
    ]
  ],
  [
    "||patreon.com/becomePatronButton.bundle.js$third-party",
    [
      53089
    ]
  ],
  [
    "||pepper.com^$third-party",
    [
      53090
    ]
  ],
  [
    "||pinterest.com/images/$third-party",
    [
      53091
    ]
  ],
  [
    "||pinterest.com/js/pinit_main.js$third-party",
    [
      53092
    ]
  ],
  [
    "||pinterest.com/v1/urls/count.json$third-party",
    [
      53093
    ]
  ],
  [
    "||platform.foursquare.com^$third-party",
    [
      53094
    ]
  ],
  [
    "||platform.linkedin.com^$third-party",
    [
      53095
    ]
  ],
  [
    "||platform.twitter.com/anywhere.js$third-party",
    [
      53096
    ]
  ],
  [
    "||platform.twitter.com/embed/$~stylesheet,~subdocument,third-party",
    [
      53097
    ]
  ],
  [
    "||platform.twitter.com/js/button.$third-party",
    [
      53098
    ]
  ],
  [
    "||po.st/share/$script",
    [
      53099
    ]
  ],
  [
    "||po.st/static/$third-party",
    [
      53100
    ]
  ],
  [
    "||reactandshare.com^$third-party",
    [
      53101
    ]
  ],
  [
    "||reddit.com/api/info.json?$third-party",
    [
      53102
    ]
  ],
  [
    "||reddit.com/button.js?$third-party",
    [
      53103
    ]
  ],
  [
    "||reddit.com/static/$third-party",
    [
      53104
    ]
  ],
  [
    "||revinate.com^$third-party",
    [
      53105
    ]
  ],
  [
    "||scoop.it^$third-party",
    [
      53106
    ]
  ],
  [
    "||share.itraffic.su^$third-party",
    [
      53107
    ]
  ],
  [
    "||share.static.skyrock.net^$third-party",
    [
      53108
    ]
  ],
  [
    "||shareaholic.com^$third-party",
    [
      53109
    ]
  ],
  [
    "||sharedcount.com^$third-party",
    [
      53110
    ]
  ],
  [
    "||sharethis.com^$third-party",
    [
      53111
    ]
  ],
  [
    "||sharexy.com^$third-party",
    [
      53112
    ]
  ],
  [
    "||sharpay.io^$third-party",
    [
      53113
    ]
  ],
  [
    "||shpg.org^$third-party",
    [
      53114
    ]
  ],
  [
    "||simplesharebuttons.com^$third-party",
    [
      53115
    ]
  ],
  [
    "||softwebzone.com^$third-party",
    [
      53116
    ]
  ],
  [
    "||spotify.com/follow/$third-party",
    [
      53117
    ]
  ],
  [
    "||statigr.am^$third-party",
    [
      53118
    ]
  ],
  [
    "||storeya.com/externalscript/$third-party",
    [
      53119
    ]
  ],
  [
    "||t.pridat.eu^$third-party",
    [
      53120
    ]
  ],
  [
    "||trendemon.com^$third-party",
    [
      53121
    ]
  ],
  [
    "||twinesocial.com^$third-party",
    [
      53122
    ]
  ],
  [
    "||twitter.com/js/timeline.$script,third-party",
    [
      53123
    ]
  ],
  [
    "||usocial.pro^$third-party",
    [
      53124
    ]
  ],
  [
    "||vk.com/share.php?$third-party",
    [
      53125
    ]
  ],
  [
    "||vk.com/widget_community.php$third-party",
    [
      53126
    ]
  ],
  [
    "||vk.com/widget_community_messages.php?$third-party",
    [
      53127
    ]
  ],
  [
    "||vk.com/widget_like.php$third-party",
    [
      53128
    ]
  ],
  [
    "||vkontakte.ru/js/api/$third-party,domain=~arudex.com|~tapclap.com|~ugo.ru|~vk.com",
    [
      53129
    ]
  ],
  [
    "||vkontakte.ru/share.php?$third-party",
    [
      53130
    ]
  ],
  [
    "||vkontakte.ru/widget_community.php$third-party",
    [
      53131
    ]
  ],
  [
    "||vkontakte.ru/widget_like.php$third-party",
    [
      53132
    ]
  ],
  [
    "||w.uptolike.com^$third-party",
    [
      53133
    ]
  ],
  [
    "||weibo.com/staticjs/weiboshare.html$third-party",
    [
      53134
    ]
  ],
  [
    "||widget.weibo.com^$third-party",
    [
      53135
    ]
  ],
  [
    "||widget.whatshelp.io^$third-party",
    [
      53136
    ]
  ],
  [
    "||widgets.getpocket.com^$third-party",
    [
      53137
    ]
  ],
  [
    "||widgets.wp.com/likes/$third-party",
    [
      53138
    ]
  ],
  [
    "||wykop.pl/dataprovider/diggerwidget/$third-party",
    [
      53139
    ]
  ],
  [
    "||xing-share.com^$third-party",
    [
      53140
    ]
  ],
  [
    "||xing.com/img/buttons/$third-party",
    [
      53141
    ]
  ],
  [
    "||yandex.st/share/",
    [
      53142
    ]
  ],
  [
    "||youtube.com/subscribe_embed?$third-party",
    [
      53143
    ]
  ],
  [
    "||youtube.com/subscribe_widget$third-party",
    [
      53144
    ]
  ],
  [
    "||zextit.com/partners/$third-party",
    [
      53145
    ]
  ],
  [
    "||ipaddress.com/shariff/",
    [
      53146
    ]
  ],
  [
    "||naturalnews.com/getviews2.",
    [
      53147
    ]
  ],
  [
    "||people.com.cn/img/2020fenxiang/",
    [
      53148
    ]
  ],
  [
    "||shbarcelona.com/img/socialnetwork/",
    [
      53149
    ]
  ],
  [
    "||probook.bg/like?$third-party",
    [
      53150
    ]
  ],
  [
    "||pipeline.de/socialmedia-icons/",
    [
      53151
    ]
  ],
  [
    "||seitzeichen.de^$third-party",
    [
      53152
    ]
  ],
  [
    "||social-bookmarking-tools.de^$third-party",
    [
      53153
    ]
  ],
  [
    "||werkenntwen.de/images/buttons/$third-party",
    [
      53154
    ]
  ],
  [
    "||lequipe.fr/_nuxt/Share.",
    [
      53155
    ]
  ],
  [
    "||produits-asiatiques.com/annuaire/templates/coolor/images/facebook-faces.gif",
    [
      53156
    ]
  ],
  [
    "||almasryalyoum.com/scripts/sharing.js",
    [
      53157
    ]
  ],
  [
    "||stjegypt.com/uploads/stjnew.jpg",
    [
      53158
    ]
  ],
  [
    "||share.baidu.com^",
    [
      53159
    ]
  ],
  [
    "||fanclubbarcelona.nl/images/mediabuttons/",
    [
      53160
    ]
  ],
  [
    "||focus.it/images/embed/banner-canale-whats-up/",
    [
      53161
    ]
  ],
  [
    "||napolimagazine.com/web/img/iconefooter/",
    [
      53162
    ]
  ],
  [
    "||napolimagazine.com/web/img/iconetop/",
    [
      53163
    ]
  ],
  [
    "||nursetimes.org/wp-content/uploads/2016/01/telegram-banner.png",
    [
      53164
    ]
  ],
  [
    "||imyfone.com/assets/js/media_share/",
    [
      53165
    ]
  ],
  [
    "||ministop.co.jp/site_common/js/sns_",
    [
      53166
    ]
  ],
  [
    "||plugins.mixi.jp/favorite.pl?$third-party",
    [
      53167
    ]
  ],
  [
    "||taishurx.jp/js/web/sns_header.js",
    [
      53168
    ]
  ],
  [
    "||draugiem.lv/business/ext/fans/$third-party",
    [
      53169
    ]
  ],
  [
    "||draugiem.lv/business/ext/follow/$third-party",
    [
      53170
    ]
  ],
  [
    "||draugiem.lv/lapas/widgets/$third-party",
    [
      53171
    ]
  ],
  [
    "||draugiem.lv/say/ext/like.php$third-party",
    [
      53172
    ]
  ],
  [
    "||draugiem.lv/say/ext/recommend.php$third-party",
    [
      53173
    ]
  ],
  [
    "||draugiem.lv^*/js/fans/$third-party",
    [
      53174
    ]
  ],
  [
    "||sekomums.lv^$third-party",
    [
      53175
    ]
  ],
  [
    "||aventurasnahistoria.uol.com.br/static/socialmedia/",
    [
      53176
    ]
  ],
  [
    "||defatoonline.com.br/whatsapp.html",
    [
      53177
    ]
  ],
  [
    "||jcconcursos.com.br/static/socialmedia/",
    [
      53178
    ]
  ],
  [
    "||trrsf.com/transversais/trr_bar/$script",
    [
      53179
    ]
  ],
  [
    "||dni.ru^*/sotial-",
    [
      53180
    ]
  ],
  [
    "||russia.tv/js/modules/social-subscriber.js",
    [
      53181
    ]
  ],
  [
    "||spynews.ro/templates/default/img/face.png",
    [
      53182
    ]
  ],
  [
    "||vestifinance.ru/js/share.js",
    [
      53183
    ]
  ],
  [
    "@@/angular-facebook.js",
    [
      53184
    ]
  ],
  [
    "@@/wp-content/plugins/bwp-minify/min/?*,wp-content$script,stylesheet,~third-party",
    [
      53185
    ]
  ],
  [
    "@@/wp-content/plugins/share-this-image/*$~third-party",
    [
      53186
    ]
  ],
  [
    "@@/wp-content/plugins/socialauth-wp/*$~third-party",
    [
      53187
    ]
  ],
  [
    "@@/wp-content/plugins/wordpress-social-login/*$~third-party",
    [
      53188
    ]
  ],
  [
    "@@/wp-content/plugins/wp-minify/min/?*,wp-content$stylesheet",
    [
      53189
    ]
  ],
  [
    "@@/wp-content/plugins/wp-rocket/*$image,~third-party",
    [
      53190
    ]
  ],
  [
    "@@||3obieg.pl/wp-content/themes/sowe/css/content/$image",
    [
      53191
    ]
  ],
  [
    "@@||adguard.com/public/Adguard/Blog/Android/comparison/facebook_$image,domain=adguard.com",
    [
      53192
    ]
  ],
  [
    "@@||ahaan.co.uk^$~third-party,xmlhttprequest",
    [
      53193
    ]
  ],
  [
    "@@||answers.ros.org/m/default/media/images/socialsprite.png$~third-party",
    [
      53194
    ]
  ],
  [
    "@@||app.conceptboard.com^*/SocialIcons.js$xmlhttprequest",
    [
      53195
    ]
  ],
  [
    "@@||app.veggly.net/plugins/cordova-plugin-x-socialsharing/$script,~third-party",
    [
      53196
    ]
  ],
  [
    "@@||arcgis.com/apps/Nearby/app/components/Share/$~third-party",
    [
      53197
    ]
  ],
  [
    "@@||arhn.eu/wp-content/themes/socialize/$~third-party",
    [
      53198
    ]
  ],
  [
    "@@||assets.msn.com/bundles/*/social-bar-$~third-party",
    [
      53199
    ]
  ],
  [
    "@@||authy.com/wp-content/themes/authy/assets/images/icons/",
    [
      53200
    ]
  ],
  [
    "@@||brave.com/wp-content/uploads/$image,~third-party",
    [
      53201
    ]
  ],
  [
    "@@||cdn.flowplayer.com^*/share.min.js",
    [
      53202
    ]
  ],
  [
    "@@||comelitgroup.com/wp-content/themes/comelitgroup/includes/js/instafeed.min.js$~third-party",
    [
      53203
    ]
  ],
  [
    "@@||comelitgroup.com/wp-content/themes/comelitgroup/includes/js/SocialShare.min.js$~third-party",
    [
      53204
    ]
  ],
  [
    "@@||commonsensemedia.org/ajax/review/$~third-party,xmlhttprequest",
    [
      53205
    ]
  ],
  [
    "@@||d27rt3a60hh1lx.cloudfront.net/models/$domain=muse.place",
    [
      53206
    ]
  ],
  [
    "@@||digitrend.it/wonder-marketing/assets/wordpress/js/videojs-share.min.js?$script,domain=vrsicilia.it",
    [
      53207
    ]
  ],
  [
    "@@||enumizmatyczny.pl/modules/hifacebookconnect/$image",
    [
      53208
    ]
  ],
  [
    "@@||facebook.com^*/plugins/page.php?$domain=cieplikpodrozuje.pl|makulscy.com",
    [
      53209
    ]
  ],
  [
    "@@||fc-zenit.ru/local/templates/new_html/css/nav-social-2/$~third-party",
    [
      53210
    ]
  ],
  [
    "@@||findicons.com/files/icons/$~third-party",
    [
      53211
    ]
  ],
  [
    "@@||gen.jut.su/jcdn/minify?charset=*/videojs-share.$script,stylesheet,domain=jut.su",
    [
      53212
    ]
  ],
  [
    "@@||iconfinder.com/data/icons/$~third-party",
    [
      53213
    ]
  ],
  [
    "@@||iconizer.net/files/*_social_$image",
    [
      53214
    ]
  ],
  [
    "@@||iconspedia.com/icon/$image,~third-party",
    [
      53215
    ]
  ],
  [
    "@@||inscience.news/svc/getscript.aspx$script,~third-party",
    [
      53216
    ]
  ],
  [
    "@@||instagram.com/p/$subdocument,third-party",
    [
      53217
    ]
  ],
  [
    "@@||jsdelivr.net/npm/sharer.js",
    [
      53218
    ]
  ],
  [
    "@@||kinogoo.cc/engine/classes/min/index.php$~third-party,xmlhttprequest",
    [
      53219
    ]
  ],
  [
    "@@||livesicilia.it/wp-content/plugins/digistream/digiplayer/js/videojs-share.min.js?$script,~third-party",
    [
      53220
    ]
  ],
  [
    "@@||login.kataweb.it^*/sprite-social.png",
    [
      53221
    ]
  ],
  [
    "@@||logo.wine/a/logo/$image,~third-party",
    [
      53222
    ]
  ],
  [
    "@@||meltyblood.typelumina.com/resources/img/common/$image,~third-party",
    [
      53223
    ]
  ],
  [
    "@@||moneyweb.co.za^*/social-shares.min.js?",
    [
      53224
    ]
  ],
  [
    "@@||nhk.or.jp/common/sns/nol_share.js$script,~third-party",
    [
      53225
    ]
  ],
  [
    "@@||nuxt.com/_nuxt/SocialLinks.$script,~third-party",
    [
      53226
    ]
  ],
  [
    "@@||parlament.mt/scripts/easy-social-share.js",
    [
      53227
    ]
  ],
  [
    "@@||player.fm^*/social-icons/$image",
    [
      53228
    ]
  ],
  [
    "@@||pngrepo.com/png/$image,~third-party",
    [
      53229
    ]
  ],
  [
    "@@||politumor.ru/engine/classes/min/index.php?f=*/share42.js$script,~third-party",
    [
      53230
    ]
  ],
  [
    "@@||qds.it/wp-content/plugins/digistream/digiplayer/js/videojs-share.min.js?$script,~third-party",
    [
      53231
    ]
  ],
  [
    "@@||radio24.ilsole24ore.com/plugins/cordova-plugin-x-socialsharing/www/SocialSharing.js$script,~third-party",
    [
      53232
    ]
  ],
  [
    "@@||reactandshare.com/plugin/rns.js$domain=maanmittauslaitos.fi|verkkouutiset.fi",
    [
      53233
    ]
  ],
  [
    "@@||s7.addthis.com^*/addthis_widget.js$domain=mediamatters.org|politico.com",
    [
      53234
    ]
  ],
  [
    "@@||sharethis.com/button/buttons.js$domain=bristan.com",
    [
      53235
    ]
  ],
  [
    "@@||softicons.com/download/$image",
    [
      53236
    ]
  ],
  [
    "@@||srf.ch/socialview-in/$~third-party",
    [
      53237
    ]
  ],
  [
    "@@||static.addtoany.com/menu/page.js$script,domain=suttonquebec.com",
    [
      53238
    ]
  ],
  [
    "@@||static.parastorage.com/services/editor-elements/dist/facebookshare.$script,third-party",
    [
      53239
    ]
  ],
  [
    "@@||supremacy1914.com/fileadmin/templates/$~third-party",
    [
      53240
    ]
  ],
  [
    "@@||svgrepo.com/show/$image,~third-party",
    [
      53241
    ]
  ],
  [
    "@@||tf1.fr/public/*-share-$script,~third-party",
    [
      53242
    ]
  ],
  [
    "@@||tgcom24.mediaset.it/assets/js/amd/socialcount.js",
    [
      53243
    ]
  ],
  [
    "@@||tgstat.ru/js/share2/share.js$script,~third-party",
    [
      53244
    ]
  ],
  [
    "@@||thecity.m24.ru/css/ya-share.css",
    [
      53245
    ]
  ],
  [
    "@@||thecompany.pl/graf/icons/youtube.png",
    [
      53246
    ]
  ],
  [
    "@@||toneden.io/production/javascripts/social.js$script,~third-party",
    [
      53247
    ]
  ],
  [
    "@@||tosdr.org/logo/$image",
    [
      53248
    ]
  ],
  [
    "@@||tweet.mapping.jp/data/czml/tweets.json$~third-party",
    [
      53249
    ]
  ],
  [
    "@@||vpobede.ru/assets/images/footer-social/$~third-party,xmlhttprequest",
    [
      53250
    ]
  ],
  [
    "@@||wettercomassets.com/wcomv5/images/footer/$domain=wetter.com",
    [
      53251
    ]
  ],
  [
    "@@||yap.ru/html/static/share/$image,~third-party",
    [
      53252
    ]
  ],
  [
    "@@||yaplakal.com/html/static/$image,~third-party",
    [
      53253
    ]
  ],
  [
    "@@||yastatic.net/share2/share.js$script",
    [
      53254
    ]
  ]
]