[
  [
    "-push-notification.$domain=~github.com",
    [
      529359
    ]
  ],
  [
    "-push-notification/$domain=~github.com",
    [
      529360
    ]
  ],
  [
    "/accusmartwebpush-fire-push-public.js",
    [
      529361
    ]
  ],
  [
    "/al-fb-notification/assets/scripts/al-main-script.js",
    [
      529362
    ]
  ],
  [
    "/amp-user-notification-",
    [
      529363
    ]
  ],
  [
    "/amp-web-push-0.1.js",
    [
      529364
    ]
  ],
  [
    "/assets/www/notification.",
    [
      529365
    ]
  ],
  [
    "/build/push.js",
    [
      529366
    ]
  ],
  [
    "/checkPush.js",
    [
      529367
    ]
  ],
  [
    "/content/js/push.js",
    [
      529368
    ]
  ],
  [
    "/fcmPush.js",
    [
      529369
    ]
  ],
  [
    "/FeedifySW.js",
    [
      529370
    ]
  ],
  [
    "/flying_push.js",
    [
      529371
    ]
  ],
  [
    "/ilabspush.min.js",
    [
      529372
    ]
  ],
  [
    "/inpl.webpush.js",
    [
      529373
    ]
  ],
  [
    "/jquery-notification.js",
    [
      529374
    ]
  ],
  [
    "/jsb/pushnotifications?",
    [
      529375
    ]
  ],
  [
    "/list_notificaciones.php",
    [
      529376
    ]
  ],
  [
    "/maximizly-push.js",
    [
      529377
    ]
  ],
  [
    "/modules/notifications.$domain=~forum.vivaldi.net|~pasty.lus.pm",
    [
      529378
    ]
  ],
  [
    "/mp-web-notification.js",
    [
      529379
    ]
  ],
  [
    "/notification-prod-sw.js",
    [
      529380
    ]
  ],
  [
    "/notification-sw.js",
    [
      529381
    ]
  ],
  [
    "/notification/notify.js",
    [
      529382
    ]
  ],
  [
    "/notifyme.js",
    [
      529383
    ]
  ],
  [
    "/notifyme.min.js",
    [
      529384
    ]
  ],
  [
    "/one-signal.js",
    [
      529385
    ]
  ],
  [
    "/one-signal.min.js",
    [
      529386
    ]
  ],
  [
    "/onesignal.js",
    [
      529387
    ]
  ],
  [
    "/onesignal.min.",
    [
      529388
    ]
  ],
  [
    "/onesignal/manifest.",
    [
      529389
    ]
  ],
  [
    "/onesignalfix.js",
    [
      529390
    ]
  ],
  [
    "/OneSignalSDKUpdaterWorker.js",
    [
      529391
    ]
  ],
  [
    "/OneSignalSDKWorker.js",
    [
      529392
    ]
  ],
  [
    "/perfecty-push-sdk.min.js",
    [
      529393
    ]
  ],
  [
    "/plugins/tfnotifier-wp/swloader.php",
    [
      529394
    ]
  ],
  [
    "/push-notification.js",
    [
      529395
    ]
  ],
  [
    "/push-notification.min.js",
    [
      529396
    ]
  ],
  [
    "/push-notification/*$domain=~upwork.com",
    [
      529397
    ]
  ],
  [
    "/push-notifications.$~stylesheet",
    [
      529398
    ]
  ],
  [
    "/push-notifications/*",
    [
      529399
    ]
  ],
  [
    "/push-notifications?",
    [
      529400
    ]
  ],
  [
    "/push-sw.js",
    [
      529401
    ]
  ],
  [
    "/push-worker-$script",
    [
      529402
    ]
  ],
  [
    "/push-wrap.js",
    [
      529403
    ]
  ],
  [
    "/push/sbscr.js",
    [
      529404
    ]
  ],
  [
    "/push/sbscrp.js",
    [
      529405
    ]
  ],
  [
    "/push/subscribe.js",
    [
      529406
    ]
  ],
  [
    "/push_app.js",
    [
      529407
    ]
  ],
  [
    "/push_notification.js",
    [
      529408
    ]
  ],
  [
    "/push_notification.min.js",
    [
      529409
    ]
  ],
  [
    "/push_notification/*",
    [
      529410
    ]
  ],
  [
    "/push_notifications.js",
    [
      529411
    ]
  ],
  [
    "/push_subscription.js",
    [
      529412
    ]
  ],
  [
    "/pushes/firebase.js",
    [
      529413
    ]
  ],
  [
    "/pushes/notification.js",
    [
      529414
    ]
  ],
  [
    "/PushexSDK.js",
    [
      529415
    ]
  ],
  [
    "/pushly-sdk.min.js",
    [
      529416
    ]
  ],
  [
    "/pushNotification.js",
    [
      529417
    ]
  ],
  [
    "/pushNotifications.js",
    [
      529418
    ]
  ],
  [
    "/pushnotifications/*",
    [
      529419
    ]
  ],
  [
    "/pushNotificationSdkJS.js",
    [
      529420
    ]
  ],
  [
    "/pushpro-lib.js",
    [
      529421
    ]
  ],
  [
    "/pushsubscribe.js",
    [
      529422
    ]
  ],
  [
    "/pushup-notification/push-app.js",
    [
      529423
    ]
  ],
  [
    "/pushup-notification/push-messaging.js",
    [
      529424
    ]
  ],
  [
    "/pushv2.js",
    [
      529425
    ]
  ],
  [
    "/pushwoosh-service-worker.js",
    [
      529426
    ]
  ],
  [
    "/pushwoosh-web-notifications.js",
    [
      529427
    ]
  ],
  [
    "/pushwoosh-web-pushes-http-sdk.js",
    [
      529428
    ]
  ],
  [
    "/pushy-ver.js",
    [
      529429
    ]
  ],
  [
    "/scripts/onesignal.js",
    [
      529430
    ]
  ],
  [
    "/site-notification-desk.min.js",
    [
      529431
    ]
  ],
  [
    "/smio-push-notification/js/frontend_webpush.js",
    [
      529432
    ]
  ],
  [
    "/subscribe-push-notifications.js",
    [
      529433
    ]
  ],
  [
    "/web-push-notifications.js",
    [
      529434
    ]
  ],
  [
    "/web-push.js",
    [
      529435
    ]
  ],
  [
    "/web-push/init.min.js",
    [
      529436
    ]
  ],
  [
    "/webalert-notification.js",
    [
      529437
    ]
  ],
  [
    "/webnotf.js",
    [
      529438
    ]
  ],
  [
    "/webnotification.js",
    [
      529439
    ]
  ],
  [
    "/webpush-production.js",
    [
      529440
    ]
  ],
  [
    "/webpush.js",
    [
      529441
    ]
  ],
  [
    "/webpush.min.js",
    [
      529442
    ]
  ],
  [
    "/webpush_register.php",
    [
      529443
    ]
  ],
  [
    "/webPushNotifications.js",
    [
      529444
    ]
  ],
  [
    "/wonderpush-loader.min.js",
    [
      529445
    ]
  ],
  [
    "/wonderpush.js",
    [
      529446
    ]
  ],
  [
    "/wonderpush.min.js",
    [
      529447
    ]
  ],
  [
    "/wordpress-fire-push-public.js",
    [
      529448
    ]
  ],
  [
    "/wp-notification-bars-public.js",
    [
      529449
    ]
  ],
  [
    "/app-banner/*$xmlhttprequest",
    [
      529450
    ]
  ],
  [
    "/jquery.androidbanner.js",
    [
      529451
    ]
  ],
  [
    "/js-mobile-*/header_$script",
    [
      529452
    ]
  ],
  [
    "/js/jquery.smartbanner.js|",
    [
      529453
    ]
  ],
  [
    "/js/jquery.smartbanner.min.js|",
    [
      529454
    ]
  ],
  [
    "/mobile-welcome-overlay/*$script",
    [
      529455
    ]
  ],
  [
    "/smart-app-banner.js",
    [
      529456
    ]
  ],
  [
    "||api-push.com^$third-party",
    [
      529457
    ]
  ],
  [
    "||azureedge.net/js/cookie_notificacao.min.js",
    [
      529458
    ]
  ],
  [
    "||bildirnet.com^$third-party",
    [
      529459
    ]
  ],
  [
    "||braze.com^$third-party",
    [
      529460
    ]
  ],
  [
    "||cappushino.com^$third-party",
    [
      529461
    ]
  ],
  [
    "||cdn.qgr.ph^$third-party",
    [
      529462
    ]
  ],
  [
    "||cdn.qgraph.io^$third-party",
    [
      529463
    ]
  ],
  [
    "||centrnotify.com^$third-party",
    [
      529464
    ]
  ],
  [
    "||checke.biz^$third-party",
    [
      529465
    ]
  ],
  [
    "||confirmit.com^$third-party",
    [
      529466
    ]
  ],
  [
    "||conforama-push.com^$third-party",
    [
      529467
    ]
  ],
  [
    "||contentsitesrv.com/js/push/$third-party",
    [
      529468
    ]
  ],
  [
    "||css.xjsx.lol^$third-party",
    [
      529469
    ]
  ],
  [
    "||digipush.io^$third-party",
    [
      529470
    ]
  ],
  [
    "||dpns-notifications.com^$third-party",
    [
      529471
    ]
  ],
  [
    "||easyfeeed.com^$third-party",
    [
      529472
    ]
  ],
  [
    "||evolok.net^$third-party",
    [
      529473
    ]
  ],
  [
    "||farteniuson.com^$third-party",
    [
      529474
    ]
  ],
  [
    "||getnotification.me^$third-party",
    [
      529475
    ]
  ],
  [
    "||irpush.com^$third-party",
    [
      529476
    ]
  ],
  [
    "||jubi.ai/buttonbot/$script,third-party",
    [
      529477
    ]
  ],
  [
    "||krakenoptimize.com^$third-party",
    [
      529478
    ]
  ],
  [
    "||luravius.com^$third-party",
    [
      529479
    ]
  ],
  [
    "||medallia.com^*/onsite/embed.js",
    [
      529480
    ]
  ],
  [
    "||neopush.io^$third-party",
    [
      529481
    ]
  ],
  [
    "||news2day.me^$third-party",
    [
      529482
    ]
  ],
  [
    "||notification-time.com^$third-party",
    [
      529483
    ]
  ],
  [
    "||notification.tubecup.net^",
    [
      529484
    ]
  ],
  [
    "||notifications.ltd^$third-party",
    [
      529485
    ]
  ],
  [
    "||notifikuj.cz^$third-party",
    [
      529486
    ]
  ],
  [
    "||notifstation.com^$third-party",
    [
      529487
    ]
  ],
  [
    "||notix.io^$third-party",
    [
      529488
    ]
  ],
  [
    "||ntvsw.com^$third-party",
    [
      529489
    ]
  ],
  [
    "||partishion.com^$third-party",
    [
      529490
    ]
  ],
  [
    "||pathlime.com^$third-party",
    [
      529491
    ]
  ],
  [
    "||popmechanic.ru^$third-party",
    [
      529492
    ]
  ],
  [
    "||propush.net^$third-party",
    [
      529493
    ]
  ],
  [
    "||pt.appirits.com^$third-party",
    [
      529494
    ]
  ],
  [
    "||puscomosca.com^$third-party",
    [
      529495
    ]
  ],
  [
    "||push-centr.com^$third-party",
    [
      529496
    ]
  ],
  [
    "||push-centr.net^$third-party",
    [
      529497
    ]
  ],
  [
    "||push-engage.com^$third-party",
    [
      529498
    ]
  ],
  [
    "||push-notifications.top^$third-party",
    [
      529499
    ]
  ],
  [
    "||push-pro.net^$third-party",
    [
      529500
    ]
  ],
  [
    "||push.asahiinteractive.com^",
    [
      529501
    ]
  ],
  [
    "||push.bytesignal.com^",
    [
      529502
    ]
  ],
  [
    "||push.daksham.in^$third-party",
    [
      529503
    ]
  ],
  [
    "||push.delivery.ethinking.de^",
    [
      529504
    ]
  ],
  [
    "||push.delivery^$third-party",
    [
      529505
    ]
  ],
  [
    "||push.esputnik.com^",
    [
      529506
    ]
  ],
  [
    "||push.getbeamer.com^",
    [
      529507
    ]
  ],
  [
    "||push.knd.ro^",
    [
      529508
    ]
  ],
  [
    "||push.newscraft.io^",
    [
      529509
    ]
  ],
  [
    "||push.reamaze.com^",
    [
      529510
    ]
  ],
  [
    "||push.rollout.io^$third-party",
    [
      529511
    ]
  ],
  [
    "||push.world^$third-party",
    [
      529512
    ]
  ],
  [
    "||pushaddict.com^$third-party",
    [
      529513
    ]
  ],
  [
    "||pushango.com^$third-party",
    [
      529514
    ]
  ],
  [
    "||pushassist.com^$third-party",
    [
      529515
    ]
  ],
  [
    "||pushaya.com^$third-party",
    [
      529516
    ]
  ],
  [
    "||pushbaza.com^$third-party",
    [
      529517
    ]
  ],
  [
    "||pushbots.com^$third-party",
    [
      529518
    ]
  ],
  [
    "||pushbox.info^$third-party",
    [
      529519
    ]
  ],
  [
    "||pushcentr.com^$third-party",
    [
      529520
    ]
  ],
  [
    "||pushchev.info^$third-party",
    [
      529521
    ]
  ],
  [
    "||pushcrew.com^$third-party",
    [
      529522
    ]
  ],
  [
    "||pushdealer.com^$third-party",
    [
      529523
    ]
  ],
  [
    "||pushe.co^$third-party",
    [
      529524
    ]
  ],
  [
    "||pusherapp.com^$third-party",
    [
      529525
    ]
  ],
  [
    "||pushinpage.com^$third-party",
    [
      529526
    ]
  ],
  [
    "||pushinstruments.com^$third-party",
    [
      529527
    ]
  ],
  [
    "||pushio.com^$third-party",
    [
      529528
    ]
  ],
  [
    "||pushjunky.com^$third-party",
    [
      529529
    ]
  ],
  [
    "||pushkahouse.com^$third-party",
    [
      529530
    ]
  ],
  [
    "||pushkaplus.com^$third-party",
    [
      529531
    ]
  ],
  [
    "||pushly.com^$third-party",
    [
      529532
    ]
  ],
  [
    "||pushmaster-cdn.xyz^$third-party",
    [
      529533
    ]
  ],
  [
    "||pushmejs.com^$third-party",
    [
      529534
    ]
  ],
  [
    "||pushnews.eu^$third-party",
    [
      529535
    ]
  ],
  [
    "||pushnotifications.click^$third-party",
    [
      529536
    ]
  ],
  [
    "||pushouse.com^$third-party",
    [
      529537
    ]
  ],
  [
    "||pushowl.com^$third-party",
    [
      529538
    ]
  ],
  [
    "||pushpad.xyz^$third-party",
    [
      529539
    ]
  ],
  [
    "||pushpanda.io^$third-party",
    [
      529540
    ]
  ],
  [
    "||pushpro.io^$third-party",
    [
      529541
    ]
  ],
  [
    "||pushprofit.ru^$third-party",
    [
      529542
    ]
  ],
  [
    "||pushprospush.com^$third-party",
    [
      529543
    ]
  ],
  [
    "||pushpushgo.com^$third-party",
    [
      529544
    ]
  ],
  [
    "||pushstack.it^$third-party",
    [
      529545
    ]
  ],
  [
    "||pushtide.com^$third-party",
    [
      529546
    ]
  ],
  [
    "||pushvip.ru^$third-party",
    [
      529547
    ]
  ],
  [
    "||pushwhy.com^$third-party",
    [
      529548
    ]
  ],
  [
    "||pushy.ai^$third-party",
    [
      529549
    ]
  ],
  [
    "||quarepush.com^$third-party",
    [
      529550
    ]
  ],
  [
    "||quaruzon.com^$third-party",
    [
      529551
    ]
  ],
  [
    "||realpush.media^$third-party",
    [
      529552
    ]
  ],
  [
    "||realpush.network^$third-party",
    [
      529553
    ]
  ],
  [
    "||revpusher.com^$third-party",
    [
      529554
    ]
  ],
  [
    "||sckxppzdm.com^$third-party",
    [
      529555
    ]
  ],
  [
    "||signaly.co^$third-party",
    [
      529556
    ]
  ],
  [
    "||snrcdn.net^$third-party",
    [
      529557
    ]
  ],
  [
    "||spacepush.ru^$third-party",
    [
      529558
    ]
  ],
  [
    "||system-notify.app^$third-party",
    [
      529559
    ]
  ],
  [
    "||ternairsoftware.com/publicwebpush/",
    [
      529560
    ]
  ],
  [
    "||topswp.com^$third-party",
    [
      529561
    ]
  ],
  [
    "||unative.com^$third-party",
    [
      529562
    ]
  ],
  [
    "||viafoura.net/push_handlers.js",
    [
      529563
    ]
  ],
  [
    "||virtualpushplatform.com^$third-party",
    [
      529564
    ]
  ],
  [
    "||webpush.jp^$third-party",
    [
      529565
    ]
  ],
  [
    "||webpushr.com^$third-party",
    [
      529566
    ]
  ],
  [
    "||webpushs.com^$third-party",
    [
      529567
    ]
  ],
  [
    "||whitepush.biz^$third-party",
    [
      529568
    ]
  ],
  [
    "||worldpush.co^$third-party",
    [
      529569
    ]
  ],
  [
    "||wps.relateddigital.com^$third-party",
    [
      529570
    ]
  ],
  [
    "||wpush.biz^$third-party",
    [
      529571
    ]
  ],
  [
    "||wpushsdk.com^$third-party",
    [
      529572
    ]
  ],
  [
    "||xedo.me^$third-party",
    [
      529573
    ]
  ],
  [
    "||youlead.pl/webpushprompt.js",
    [
      529574
    ]
  ],
  [
    "||accengage.net^$third-party",
    [
      529575
    ]
  ],
  [
    "||actirinius.com^$third-party",
    [
      529576
    ]
  ],
  [
    "||aimtell.com^$third-party",
    [
      529577
    ]
  ],
  [
    "||alertme.news^$third-party",
    [
      529578
    ]
  ],
  [
    "||amazonaws.com/cdn.aimtell.com/",
    [
      529579
    ]
  ],
  [
    "||aswpsdkeu.com^$third-party",
    [
      529580
    ]
  ],
  [
    "||aswpsdkus.com^$third-party",
    [
      529581
    ]
  ],
  [
    "||bildirt.com^$third-party",
    [
      529582
    ]
  ],
  [
    "||bosspush.com^$third-party",
    [
      529583
    ]
  ],
  [
    "||browserpusher.com^$third-party",
    [
      529584
    ]
  ],
  [
    "||cdn-sitegainer.com^$third-party",
    [
      529585
    ]
  ],
  [
    "||cleverpush.com^$third-party",
    [
      529586
    ]
  ],
  [
    "||copush.com^$third-party",
    [
      529587
    ]
  ],
  [
    "||cracataum.com^$third-party",
    [
      529588
    ]
  ],
  [
    "||danorenius.com^$third-party",
    [
      529589
    ]
  ],
  [
    "||digitalpush.org^$third-party",
    [
      529590
    ]
  ],
  [
    "||edrone.me^$third-party",
    [
      529591
    ]
  ],
  [
    "||face-push.com^$third-party",
    [
      529592
    ]
  ],
  [
    "||feedify.net^$third-party",
    [
      529593
    ]
  ],
  [
    "||feraciumus.com^$third-party",
    [
      529594
    ]
  ],
  [
    "||fernomius.com^$third-party",
    [
      529595
    ]
  ],
  [
    "||fkondate.com^$third-party",
    [
      529596
    ]
  ],
  [
    "||foxpush.com^$third-party",
    [
      529597
    ]
  ],
  [
    "||foxpush.net^$third-party",
    [
      529598
    ]
  ],
  [
    "||getback.ch^$third-party",
    [
      529599
    ]
  ],
  [
    "||getpush.net^$third-party",
    [
      529600
    ]
  ],
  [
    "||getpushmonkey.com^$third-party",
    [
      529601
    ]
  ],
  [
    "||gravitec.net^$third-party",
    [
      529602
    ]
  ],
  [
    "||heroesdom.com^$third-party",
    [
      529603
    ]
  ],
  [
    "||jeeng.com^$third-party",
    [
      529604
    ]
  ],
  [
    "||kattepush.com^$third-party",
    [
      529605
    ]
  ],
  [
    "||master-push.com^$third-party",
    [
      529606
    ]
  ],
  [
    "||master-push.net^$third-party",
    [
      529607
    ]
  ],
  [
    "||misrepush.com^$third-party",
    [
      529608
    ]
  ],
  [
    "||moengage.com^$third-party",
    [
      529609
    ]
  ],
  [
    "||mp3vizor.com^$third-party",
    [
      529610
    ]
  ],
  [
    "||najva.com^$third-party",
    [
      529611
    ]
  ],
  [
    "||nativesubscribe.pro^$third-party",
    [
      529612
    ]
  ],
  [
    "||notifadz.com^$third-party",
    [
      529613
    ]
  ],
  [
    "||notifpush.com^$third-party",
    [
      529614
    ]
  ],
  [
    "||notify.solutions^$third-party",
    [
      529615
    ]
  ],
  [
    "||olgtex.com^$third-party",
    [
      529616
    ]
  ],
  [
    "||on-push.com^$third-party",
    [
      529617
    ]
  ],
  [
    "||onepush.app^$third-party",
    [
      529618
    ]
  ],
  [
    "||provesrc.com^$third-party",
    [
      529619
    ]
  ],
  [
    "||psh.one^$third-party",
    [
      529620
    ]
  ],
  [
    "||push-ad.com^$third-party",
    [
      529621
    ]
  ],
  [
    "||push-free.com^$third-party",
    [
      529622
    ]
  ],
  [
    "||pushalert.co^$third-party",
    [
      529623
    ]
  ],
  [
    "||pushbird.com^$third-party",
    [
      529624
    ]
  ],
  [
    "||pushbullet.com^$third-party",
    [
      529625
    ]
  ],
  [
    "||pushengage.com^$third-party",
    [
      529626
    ]
  ],
  [
    "||pushex.io^$third-party",
    [
      529627
    ]
  ],
  [
    "||pushible.com^$third-party",
    [
      529628
    ]
  ],
  [
    "||pushify.com^$third-party",
    [
      529629
    ]
  ],
  [
    "||pushwoosh.com^$third-party",
    [
      529630
    ]
  ],
  [
    "||reprocautious.com^$third-party",
    [
      529631
    ]
  ],
  [
    "||sendpulse.com^$third-party",
    [
      529632
    ]
  ],
  [
    "||setrowid.com^$third-party",
    [
      529633
    ]
  ],
  [
    "||shroughtened.com^$third-party",
    [
      529634
    ]
  ],
  [
    "||sm-epsilon.com^$third-party",
    [
      529635
    ]
  ],
  [
    "||snd.tc^$third-party",
    [
      529636
    ]
  ],
  [
    "||subscribers.com^$third-party",
    [
      529637
    ]
  ],
  [
    "||truenat.bid^$third-party",
    [
      529638
    ]
  ],
  [
    "||truepush.com^$third-party",
    [
      529639
    ]
  ],
  [
    "||urbanairship.com^$third-party",
    [
      529640
    ]
  ],
  [
    "||viapush.com^$third-party",
    [
      529641
    ]
  ],
  [
    "||webpu.sh^$third-party",
    [
      529642
    ]
  ],
  [
    "||whiteclick.biz^$third-party",
    [
      529643
    ]
  ],
  [
    "||wnpbdan.bid^$third-party",
    [
      529644
    ]
  ],
  [
    "||wonderpush.com^$third-party",
    [
      529645
    ]
  ],
  [
    "||wwclicknews.club^$third-party",
    [
      529646
    ]
  ],
  [
    "||wwclicktm.club^$third-party",
    [
      529647
    ]
  ],
  [
    "||xtremepush.com^$third-party",
    [
      529648
    ]
  ],
  [
    "||app.adjust.net.in/smart_banner",
    [
      529649
    ]
  ],
  [
    "||mobi24.net^$third-party",
    [
      529650
    ]
  ],
  [
    "/firebase-messaging.js$script,domain=tribunnews.com",
    [
      529651
    ]
  ],
  [
    "||9to5terminal.com/push.js",
    [
      529652
    ]
  ],
  [
    "||abendpoint.com/dist/js/push.js",
    [
      529653
    ]
  ],
  [
    "||alerts.ndtv.com^",
    [
      529654
    ]
  ],
  [
    "||alerts.thedailystar.net^",
    [
      529655
    ]
  ],
  [
    "||alibaba.com/sw.js",
    [
      529656
    ]
  ],
  [
    "||annahar.com/assets/js/notifications.js",
    [
      529657
    ]
  ],
  [
    "||astian.org/?push_notification_sw",
    [
      529658
    ]
  ],
  [
    "||bdstatic.com/linksubmit/push.js",
    [
      529659
    ]
  ],
  [
    "||dailymail.co.uk/api/web-push-notification/",
    [
      529660
    ]
  ],
  [
    "||gadgetsnow.com/sw.cms",
    [
      529661
    ]
  ],
  [
    "||gstatic.com/firebasejs/$domain=joins.com|novayagazeta.eu|packaginginsights.com",
    [
      529662
    ]
  ],
  [
    "||hindustantimes.com/messaging-sw.js",
    [
      529663
    ]
  ],
  [
    "||hindustantimes.com/sw.js",
    [
      529664
    ]
  ],
  [
    "||hindustantimes.com^*/ht-notification-",
    [
      529665
    ]
  ],
  [
    "||hulkprod.anm.co.uk/api/web-push-notification/",
    [
      529666
    ]
  ],
  [
    "||imyfone.com/*/notification/$script",
    [
      529667
    ]
  ],
  [
    "||indiatimes.com/pn/",
    [
      529668
    ]
  ],
  [
    "||iol.co.za/sw.js",
    [
      529669
    ]
  ],
  [
    "||kogan.com/sw.js",
    [
      529670
    ]
  ],
  [
    "||latestdeals.co.uk/sw.js",
    [
      529671
    ]
  ],
  [
    "||msn.com/bundles/v1/homePage/latest/experiences_conditional-banner",
    [
      529672
    ]
  ],
  [
    "||ndtv.com/js/breaking_pushalert_revised.js",
    [
      529673
    ]
  ],
  [
    "||ndtv.com/sw.js",
    [
      529674
    ]
  ],
  [
    "||newsukraine.rbc.ua/sworker.js",
    [
      529675
    ]
  ],
  [
    "||nookazon.com/firebase-messaging-sw.js",
    [
      529676
    ]
  ],
  [
    "||notify.hindustantimes.com^",
    [
      529677
    ]
  ],
  [
    "||phys.org/push-sw.js",
    [
      529678
    ]
  ],
  [
    "||push.cnnindonesia.com^",
    [
      529679
    ]
  ],
  [
    "||push.ictsd.org^",
    [
      529680
    ]
  ],
  [
    "||renaultsport.com/spip.php?page=sw.js",
    [
      529681
    ]
  ],
  [
    "||rottentomatoes.com/service-worker/sw.js",
    [
      529682
    ]
  ],
  [
    "||rt.com/homescreen-sw.js",
    [
      529683
    ]
  ],
  [
    "||sammobile.com/wp-content/plugins/sam-push-notifications/",
    [
      529684
    ]
  ],
  [
    "||scmp.com/sw.js",
    [
      529685
    ]
  ],
  [
    "||seattletimes.com/wp-content/plugins/st-user-messaging/$script",
    [
      529686
    ]
  ],
  [
    "||sportskeeda.com/js/production/web-notifications/",
    [
      529687
    ]
  ],
  [
    "||techwalla.com/push-service-worker.js",
    [
      529688
    ]
  ],
  [
    "||telegraphindia.com/akam-sw.js",
    [
      529689
    ]
  ],
  [
    "||timesnownews.com/sw.js",
    [
      529690
    ]
  ],
  [
    "||ultimedia.com/js/common/notification.js",
    [
      529691
    ]
  ],
  [
    "||weather.com/*.MedalliaSurvey.",
    [
      529692
    ]
  ],
  [
    "||0564.ua/assets/d6ade384/js/alertsWidget.js",
    [
      529693
    ]
  ],
  [
    "||ad-hoc-news.de/js/push.js",
    [
      529694
    ]
  ],
  [
    "||agazeta.com.br/assets/javascript/notification.js",
    [
      529695
    ]
  ],
  [
    "||cnnindonesia.com/sw.js",
    [
      529696
    ]
  ],
  [
    "||dcnews.ro/sm-",
    [
      529697
    ]
  ],
  [
    "||elpais.com.uy/utms.js",
    [
      529698
    ]
  ],
  [
    "||flashscore.fr^*/build/notifications.",
    [
      529699
    ]
  ],
  [
    "||futura-sciences.com/clientscript/push.js",
    [
      529700
    ]
  ],
  [
    "||horoscope.fr/notifications/",
    [
      529701
    ]
  ],
  [
    "||informazione.it/wr/promo-miainfo.js",
    [
      529702
    ]
  ],
  [
    "||metrobilbao.eus/firebase-messaging-sw.js",
    [
      529703
    ]
  ],
  [
    "||push.idowa.de^",
    [
      529704
    ]
  ],
  [
    "||push.neko-san.fr^",
    [
      529705
    ]
  ],
  [
    "||pushme.magellanotech.it^",
    [
      529706
    ]
  ],
  [
    "||tio.ch/js/api.push.js",
    [
      529707
    ]
  ],
  [
    "||tutto.tv/wp-content/plugins/plugin-notifiche-",
    [
      529708
    ]
  ],
  [
    "||uchubiz.com/wp-content/themes/uchubiz/assets/js/push.js",
    [
      529709
    ]
  ],
  [
    "||winnipegfreepress.com/firebase-messaging-sw.js",
    [
      529710
    ]
  ],
  [
    "||browser.geekbench.com/assets/ads/",
    [
      529711
    ]
  ],
  [
    "||static.chrono24.com/lib/generated/js/app-hint-layer.",
    [
      529712
    ]
  ],
  [
    "||tapcart.com/mobile-download-banner/banner-min.js",
    [
      529713
    ]
  ],
  [
    "@@||bostonherald.com^*/webpush.js$script,~third-party",
    [
      529714
    ]
  ],
  [
    "@@||braze.com/api/$domain=dairyqueen.com|deezer.com",
    [
      529715
    ]
  ],
  [
    "@@||forums.opera.com/assets/src/modules/notifications.js$~third-party",
    [
      529716
    ]
  ],
  [
    "@@||inevent.com/js/wizard/pushNotification.js$script,~third-party",
    [
      529717
    ]
  ],
  [
    "@@||learner.mycreds.ca/assets/js/modules/notifications.min.js$~third-party",
    [
      529718
    ]
  ],
  [
    "@@||ledevoir.com/js/web-push.js$script,~third-party",
    [
      529719
    ]
  ],
  [
    "@@||oakley.com^*/notifications.js$~third-party",
    [
      529720
    ]
  ],
  [
    "@@||paste.crdroid.net/assets/js/modules/notifications.js$script,~third-party",
    [
      529721
    ]
  ],
  [
    "@@||snrcdn.net/sdk/3.0/synerise-javascript-sdk.min.js$domain=komputronik.pl",
    [
      529722
    ]
  ],
  [
    "@@||st.mycdn.me/static/*/WebPush.js$script,domain=ok.ru",
    [
      529723
    ]
  ],
  [
    "@@||webpush.jp/js/browserpushv3.js$domain=zakzak.co.jp",
    [
      529724
    ]
  ],
  [
    "@@||anadolu.edu.tr/assets/js/jquery.smartbanner.js$~third-party",
    [
      529725
    ]
  ],
  [
    "@@||assure.ameli.fr^*/smart-app-banner.js$~third-party",
    [
      529726
    ]
  ],
  [
    "@@||mafia.ua/js/jquery.smartbanner.js$script,~third-party",
    [
      529727
    ]
  ],
  [
    "@@||mirage.ru/js/jquery.smartbanner.js$script,~third-party",
    [
      529728
    ]
  ]
]