[
  [
    "sleeknotestaticcontent.sleeknote.com",
    [
      1047155
    ]
  ],
  [
    "||js.driftt.com/include$script",
    [
      1047156
    ]
  ],
  [
    "||assets.ubembed.com/universal$script",
    [
      1047157
    ]
  ],
  [
    "||lightboxcdn.com/vendor$script",
    [
      1047158
    ]
  ],
  [
    "||mailocator.net/_/$script",
    [
      1047159
    ]
  ],
  [
    "cdn1.pdmntn.com",
    [
      1047160
    ]
  ],
  [
    "||static.mailerlite.com/js$script",
    [
      1047161
    ]
  ],
  [
    "||pmdstatic.net/bundle.php$script",
    [
      1047162
    ]
  ],
  [
    "||front.optimonk.com/public/$script",
    [
      1047163
    ]
  ],
  [
    "/wp-content/plugins/newsletter-leads",
    [
      1047164
    ]
  ],
  [
    "||downloads.mailchimp.com/js/signup-forms$script",
    [
      1047165
    ]
  ],
  [
    "||conduit.mailchimpapp.com/js/stores$script",
    [
      1047166
    ]
  ],
  [
    "||a.optmnstr.com/app/js/$script",
    [
      1047167
    ]
  ],
  [
    "||getsocial.io/client$script",
    [
      1047168
    ]
  ],
  [
    "||static.ctctcdn.com/js/signup-form-widget$script,domain=~centerforhealthsecurity.org",
    [
      1047169
    ]
  ],
  [
    "||cdn.justuno.com/mwgt$script",
    [
      1047170
    ]
  ],
  [
    "||a.mailmunch.co/app/$script",
    [
      1047171
    ]
  ],
  [
    "/newsletterPopup.js",
    [
      1047172
    ]
  ],
  [
    "/pmgnews/overlay/newsletter",
    [
      1047173
    ]
  ],
  [
    "||dotmailer-surveys.com/scripts/survey.js$script",
    [
      1047174
    ]
  ],
  [
    "||yieldify.com/yieldify/code.js$script",
    [
      1047175
    ]
  ],
  [
    "||widget.privy.com/assets/widget.js$script",
    [
      1047176
    ]
  ],
  [
    "sumo.b-cdn.net",
    [
      1047177
    ]
  ],
  [
    "||connect.nosto.com/include$script",
    [
      1047178
    ]
  ],
  [
    "||chimpstatic.com/mcjs-connected/js/users$script",
    [
      1047179
    ]
  ],
  [
    "||assets.pcrl.co/js/$script",
    [
      1047180
    ]
  ],
  [
    "/wp-content/plugins/email-subscribers/widget/es-widget-page.js",
    [
      1047181
    ]
  ],
  [
    "||youlead.pl/Scripts/Dynamic.js$script",
    [
      1047182
    ]
  ],
  [
    "||m8.mailplus.nl/genericservice$script",
    [
      1047183
    ]
  ],
  [
    "||restapi.mailplus.nl/integrationservice$script",
    [
      1047184
    ]
  ],
  [
    "||snrcdn.net/sdk/$script",
    [
      1047185
    ]
  ],
  [
    "||cdn.dynamicyield.com/api$script,domain=~haix.de|~bancofalabella.cl|~gymshark.com",
    [
      1047186
    ]
  ],
  [
    "||static.newsletter2go.com/utils.js$script",
    [
      1047187
    ]
  ],
  [
    "/widget/ecNewsletterPopup/*",
    [
      1047188
    ]
  ],
  [
    "||a.optmstr.com/app/js/$script",
    [
      1047189
    ]
  ],
  [
    "||api.autopilothq.com/anywhere/$script",
    [
      1047190
    ]
  ],
  [
    "||c.salecycle.com/osr/config$script",
    [
      1047191
    ]
  ],
  [
    "/wp-content/plugins/thrive-leads/*$domain=~itnator.net",
    [
      1047192
    ]
  ],
  [
    "/wp-content/plugins/bloom/*",
    [
      1047193
    ]
  ],
  [
    "||js.hsleadflows.net/leadflows.js$script",
    [
      1047194
    ]
  ],
  [
    "/clientlib-newsletter.js",
    [
      1047195
    ]
  ],
  [
    "||c.lytics.io/static/pathfora$script",
    [
      1047196
    ]
  ],
  [
    "email-signup-form-popup.js",
    [
      1047197
    ]
  ],
  [
    "||netpeak.cloud/source/js$script",
    [
      1047198
    ]
  ],
  [
    "||bunting.com/call$script",
    [
      1047199
    ]
  ],
  [
    "||cdn.connectif.cloud/cl1/client-script/$script",
    [
      1047200
    ]
  ],
  [
    "/essb-optin-booster.js",
    [
      1047201
    ]
  ],
  [
    "f.convertkit.com",
    [
      1047202
    ]
  ],
  [
    "api.morningcatch.net",
    [
      1047203
    ]
  ],
  [
    "||shopify.privy.com/widget.js$script",
    [
      1047204
    ]
  ],
  [
    "load.sumo.com",
    [
      1047205
    ]
  ],
  [
    "||cdn.listrakbi.com/scripts/script.js$script",
    [
      1047206
    ]
  ],
  [
    "/wp-content/plugins/dreamgrow-scroll-triggered-box/*",
    [
      1047207
    ]
  ],
  [
    "||d3bo67muzbfgtl.cloudfront.net/edrone$script",
    [
      1047208
    ]
  ],
  [
    "/newsletter_modals.min.",
    [
      1047209
    ]
  ],
  [
    "my.hellobar.com",
    [
      1047210
    ]
  ],
  [
    "||screenpopper.com/s-hub$script",
    [
      1047211
    ]
  ],
  [
    "||static.scarabresearch.com/wpjs$script",
    [
      1047212
    ]
  ],
  [
    "||cdn.swellrewards.com/loader$script",
    [
      1047213
    ]
  ],
  [
    "||lifterpopup.com/js/modal.js$script",
    [
      1047214
    ]
  ],
  [
    "||lpages.co/leadbox$script",
    [
      1047215
    ]
  ],
  [
    "||cdn.crall.io/t/client.js$script",
    [
      1047216
    ]
  ],
  [
    "||a.opmnstr.com/app/js/$script",
    [
      1047217
    ]
  ],
  [
    "||app2.salesmanago.pl/dynamic$script",
    [
      1047218
    ]
  ],
  [
    "||se.monetate.net/js/$script",
    [
      1047219
    ]
  ],
  [
    "||cdn.blueconic.net/hearst.js$script",
    [
      1047220
    ]
  ],
  [
    "/js/website/modal-newsletter~rc-module-newsletter",
    [
      1047221
    ]
  ],
  [
    "||cdn.omniconvert.com/js$script",
    [
      1047222
    ]
  ],
  [
    "||cdn.omniconvert.com/async/js$script",
    [
      1047223
    ]
  ],
  [
    "/frosmo.easy.js",
    [
      1047224
    ]
  ],
  [
    "||static-sb.com/js/sb-tracker.js$script",
    [
      1047225
    ]
  ],
  [
    "||mailmojo.no/sdk.js$script",
    [
      1047226
    ]
  ],
  [
    "/wp-content/popupally-pro-scripts",
    [
      1047227
    ]
  ],
  [
    "||media-inea.ipresso.pl/monitoridentification$script",
    [
      1047228
    ]
  ],
  [
    "/wp-content/plugins/mailoptin/*",
    [
      1047229
    ]
  ],
  [
    "||a.optnmnstr.com/app/js/$script",
    [
      1047230
    ]
  ],
  [
    "||static.popmechanic.ru/service/loader.js$script",
    [
      1047231
    ]
  ],
  [
    "static.zotabox.com",
    [
      1047232
    ]
  ],
  [
    "||marketbeat.com/scripts/modal/affiliatepopup.js$script",
    [
      1047233
    ]
  ],
  [
    "||widget.pico.tools/static/js/bundle.js$script",
    [
      1047234
    ]
  ],
  [
    "||powr.io/powr.js$script",
    [
      1047235
    ]
  ],
  [
    "/wp-content/plugins/layered-popups/*",
    [
      1047236
    ]
  ],
  [
    "/wp-content/plugins/mailchimp-for-wp/*",
    [
      1047237
    ]
  ],
  [
    "||bounceexchange.com/tag$script",
    [
      1047238
    ]
  ],
  [
    "tag.bounceexchange.com",
    [
      1047239
    ]
  ],
  [
    "||leadpages.net/leadboxes/current$script",
    [
      1047240
    ]
  ],
  [
    "||flodesk.com/universal$script",
    [
      1047241
    ]
  ],
  [
    "||activehosted.com/f/embed.php$script,domain=~renegade.global",
    [
      1047242
    ]
  ],
  [
    "/wp-content/plugins/99robots-optin-fire/*",
    [
      1047243
    ]
  ],
  [
    "||getresponse.com/view_webform$script",
    [
      1047244
    ]
  ],
  [
    "/gr-popups$script",
    [
      1047245
    ]
  ],
  [
    "||get.exitintel.com/load.js$script",
    [
      1047246
    ]
  ],
  [
    "/popup-by-supsystic/*",
    [
      1047247
    ]
  ],
  [
    "||cdn.jst.ai/mwgt$script",
    [
      1047248
    ]
  ],
  [
    "||milotree.com/container$script",
    [
      1047249
    ]
  ],
  [
    "/zaius-min.js",
    [
      1047250
    ]
  ],
  [
    "/wp-content/plugins/convertplug/*$~image",
    [
      1047251
    ]
  ],
  [
    "/wp-content/plugins/optin-monster/*",
    [
      1047252
    ]
  ],
  [
    ".wisepops.com/get-loader.js",
    [
      1047253
    ]
  ],
  [
    "api.exponea.com",
    [
      1047254
    ]
  ],
  [
    "/ouibounce.min.js",
    [
      1047255
    ]
  ],
  [
    "||bluecore.com/triggermail$script",
    [
      1047256
    ]
  ],
  [
    "||cloudiq.com/tag$script",
    [
      1047257
    ]
  ],
  [
    "||leadpages.net/leadbars/current/embed.js$script",
    [
      1047258
    ]
  ],
  [
    "||s.sloyalty.com/site_media$script",
    [
      1047259
    ]
  ],
  [
    "||klaviyo.com/onsite/js/vendors~signupForms$script",
    [
      1047260
    ]
  ],
  [
    "/vidstore-popups/assets/public/js/newsletter.min.js",
    [
      1047261
    ]
  ],
  [
    "||app-abd.marketo.com/js$script",
    [
      1047262
    ]
  ],
  [
    "||omappapi.com/app$script",
    [
      1047263
    ]
  ],
  [
    "tag.getdrip.com",
    [
      1047264
    ]
  ],
  [
    "||zoho.com/js/optin$script",
    [
      1047265
    ]
  ],
  [
    "/entries?content_type=staticContentBlock&fields.id=email-capture",
    [
      1047266
    ]
  ],
  [
    "||cloud-iq.com/cartrecovery/store.js$script",
    [
      1047267
    ]
  ],
  [
    "/axnewsletter.js",
    [
      1047268
    ]
  ],
  [
    "/wp-content/plugins/popupally",
    [
      1047269
    ]
  ],
  [
    "api.omappapi.com",
    [
      1047270
    ]
  ],
  [
    "/email-capture/email-capture-",
    [
      1047271
    ]
  ],
  [
    "||californiatimes.com/newsletter-campaign-manager$script",
    [
      1047272
    ]
  ],
  [
    "||quitsnap-blue.com/js/os_engine.js$script",
    [
      1047273
    ]
  ],
  [
    "/wp-content/plugins/convertpro/*",
    [
      1047274
    ]
  ],
  [
    "/wp-content/plugins/optin-revolution/*",
    [
      1047275
    ]
  ],
  [
    "||addthis.com/js/300/addthis_widget.js$script",
    [
      1047276
    ]
  ],
  [
    "api-cis.exponea.com",
    [
      1047277
    ]
  ],
  [
    "||api.traq.li/public/sdk$script",
    [
      1047278
    ]
  ],
  [
    "tracking.retargeting.biz",
    [
      1047279
    ]
  ],
  [
    "ping.contactpigeon.com",
    [
      1047280
    ]
  ],
  [
    "/newsletter-invite.js",
    [
      1047281
    ]
  ],
  [
    "/Action-Subscribe-2019.js",
    [
      1047282
    ]
  ],
  [
    "||convertbox.com/convertbox$script,third-party",
    [
      1047283
    ]
  ],
  [
    "||birdsend.co/assets/static/js/pixel/main.js$script",
    [
      1047284
    ]
  ],
  [
    "||hd.koloo.net/oo.js$script",
    [
      1047285
    ]
  ],
  [
    "||receiptful.com/scripts/shopify.js$script",
    [
      1047286
    ]
  ],
  [
    "t2.netsalesmedia.pl",
    [
      1047287
    ]
  ],
  [
    "content.govdelivery.com",
    [
      1047288
    ]
  ],
  [
    "api.pushnami.com",
    [
      1047289
    ]
  ],
  [
    "/js/deploy/syndicated-newsletter",
    [
      1047290
    ]
  ],
  [
    "||klaviyo.com/onsite/js/signup_forms$script,domain=~ufpro.com|~worldwidestereo.com|~salada.com",
    [
      1047291
    ]
  ],
  [
    "popup.popupsmart.com",
    [
      1047292
    ]
  ],
  [
    "/mol-fe-newsletter-popup/*",
    [
      1047293
    ]
  ],
  [
    "cdn.popt.in",
    [
      1047294
    ]
  ],
  [
    "||data.whizeo.com/widgets$script",
    [
      1047295
    ]
  ],
  [
    "||securedvisit.com/js/sv.js$script",
    [
      1047296
    ]
  ],
  [
    "||dev.visualwebsiteoptimizer.com/j.php$script",
    [
      1047297
    ]
  ],
  [
    "||convertkitqa.com/ckjs$script",
    [
      1047298
    ]
  ],
  [
    "||bounceexchange.com/assets/smart-tag$script",
    [
      1047299
    ]
  ],
  [
    "||adoric-om.com/adoric.js$script",
    [
      1047300
    ]
  ],
  [
    "/wp-content/plugins/woo-coupon-box/*",
    [
      1047301
    ]
  ],
  [
    "forms.convertkit.com",
    [
      1047302
    ]
  ],
  [
    "||convertkit.com/assets^$third-party",
    [
      1047303
    ]
  ],
  [
    "||sdks.automizely.com/conversions$script",
    [
      1047304
    ]
  ],
  [
    "cdn.attn.tv",
    [
      1047305
    ]
  ],
  [
    "||cdn.threadloom.com/ga$script",
    [
      1047306
    ]
  ],
  [
    "/js/website/modal-newsletter",
    [
      1047307
    ]
  ],
  [
    "/exponea.min.js",
    [
      1047308
    ]
  ],
  [
    "||newell.evergage.com/beacon$script",
    [
      1047309
    ]
  ],
  [
    "/evergage.min.js",
    [
      1047310
    ]
  ],
  [
    "/klaviyo_subscribe.js",
    [
      1047311
    ]
  ],
  [
    "||mailcampaigns.nl/interface/popup$script",
    [
      1047312
    ]
  ],
  [
    "/next-gen/dist/NewsletterPopup",
    [
      1047313
    ]
  ],
  [
    "forms.smsbump.com",
    [
      1047314
    ]
  ],
  [
    "/mod_motivatingcoupon/facebox/*",
    [
      1047315
    ]
  ],
  [
    "||static.redeal.se/widget/js/redeal.js$script",
    [
      1047316
    ]
  ],
  [
    "||cdn.optinly.net$third-party",
    [
      1047317
    ]
  ],
  [
    "/rg_smartpopup/*",
    [
      1047318
    ]
  ],
  [
    "/alert/email_subscribe/*",
    [
      1047319
    ]
  ],
  [
    "/arengu-newsletter.js",
    [
      1047320
    ]
  ],
  [
    "/popup-newsletter-$script",
    [
      1047321
    ]
  ],
  [
    "||assets.mailerlite.com^$script",
    [
      1047322
    ]
  ],
  [
    "/ps_emailsubscription.js",
    [
      1047323
    ]
  ],
  [
    "||embedded.wishpondpages.com$third-party,subdocument",
    [
      1047324
    ]
  ],
  [
    "/hs-web-interactive-$third-party,subdocument",
    [
      1047325
    ]
  ],
  [
    "/ht_newsletterpopup",
    [
      1047326
    ]
  ],
  [
    "/avada-popup.min.js",
    [
      1047327
    ]
  ],
  [
    "||connectif.cloud^$third-party",
    [
      1047328
    ]
  ],
  [
    "||tr.vitals.co^$third-party",
    [
      1047329
    ]
  ],
  [
    "||optimove.net^$third-party",
    [
      1047330
    ]
  ],
  [
    "||sail-horizon.com^$third-party",
    [
      1047331
    ]
  ],
  [
    "/assets/section-mailing-popup.",
    [
      1047332
    ]
  ],
  [
    "/kadence-conversions.",
    [
      1047333
    ]
  ],
  [
    "||postscript.io^$third-party",
    [
      1047334
    ]
  ],
  [
    "||getsitecontrol.com^$third-party",
    [
      1047335
    ]
  ],
  [
    "||retargeting.newsmanapp.com^$third-party",
    [
      1047336
    ]
  ],
  [
    "||themarketer.com^$third-party",
    [
      1047337
    ]
  ],
  [
    "NotificationDisclaimerControl.js$domain=vontobel.com",
    [
      1047338
    ]
  ],
  [
    "list-builder.js$domain=wanderlust.co.uk",
    [
      1047339
    ]
  ],
  [
    "/amd_modules/newsletter-hover$domain=webmd.com",
    [
      1047340
    ]
  ],
  [
    "/politica-privacidade/lightbox$domain=toysrus.pt",
    [
      1047341
    ]
  ],
  [
    "/opentag-$domain=jet2.com",
    [
      1047342
    ]
  ],
  [
    "global-lightbox.js$domain=drschollsshoes.com",
    [
      1047343
    ]
  ],
  [
    "/wpp-popup-frontend.js$domain=globalvoices.org",
    [
      1047344
    ]
  ],
  [
    "/email.js$domain=tp-link.com",
    [
      1047345
    ]
  ],
  [
    "||ibt-mail.com/view_webform$script,domain=ibtimes.com",
    [
      1047346
    ]
  ],
  [
    "/lightboxform.js$domain=tips.net",
    [
      1047347
    ]
  ],
  [
    "/esm.js$domain=yamahamotorsports.com",
    [
      1047348
    ]
  ],
  [
    "/aiosp-jsonp.js$domain=kleren.com",
    [
      1047349
    ]
  ],
  [
    "/vol-modal/*$domain=thepaintstore.com",
    [
      1047350
    ]
  ],
  [
    "||imimg.com/js/reqForms.min.js$script,domain=indiamart.com",
    [
      1047351
    ]
  ],
  [
    "try.abtasty.com$domain=leparisien.fr",
    [
      1047352
    ]
  ],
  [
    "/Action-Subscribe$domain=naturalnews.com",
    [
      1047353
    ]
  ],
  [
    "/sharing/popover.js$domain=mymemory.co.uk",
    [
      1047354
    ]
  ],
  [
    "/popup/tsr$domain=superyachtnews.com",
    [
      1047355
    ]
  ],
  [
    "/simpleSignupManager.chunk.js$domain=manning.com",
    [
      1047356
    ]
  ],
  [
    "cdn-promote.weebly.com$domain=weebly.com",
    [
      1047357
    ]
  ],
  [
    "/acquisition-tag.js$domain=latribune.fr",
    [
      1047358
    ]
  ],
  [
    "/pharmapopin/*$domain=pharmasimple.com",
    [
      1047359
    ]
  ],
  [
    "/crm.js$domain=fujifilm-x.com",
    [
      1047360
    ]
  ],
  [
    "/sven_daspopup/*$domain=adler-farbenmeister.com",
    [
      1047361
    ]
  ],
  [
    "/PopupNewsletter/GetLayer$domain=yoox.com",
    [
      1047362
    ]
  ],
  [
    "/emailcollection/*$domain=motorsport.com",
    [
      1047363
    ]
  ],
  [
    "/popoverv2.js*$domain=britishcornershop.co.uk",
    [
      1047364
    ]
  ],
  [
    "/fp-web-flyout-widget.min.js^$domain=getfirepush.com",
    [
      1047365
    ]
  ],
  [
    "/tingle.$domain=arcade1up.com",
    [
      1047366
    ]
  ],
  [
    "||tinypass.com/api/tinypass.min.js^$domain=technologyreview.com",
    [
      1047367
    ]
  ],
  [
    "/SysConsentComponent.js$domain=netpeak.net",
    [
      1047368
    ]
  ],
  [
    "||safetyfirstaid.co.uk/ajx_newsletter",
    [
      1047369
    ]
  ],
  [
    "/uael-modal-popup.$domain=ackerwines.com",
    [
      1047370
    ]
  ],
  [
    "||cdn.p-n.io/pushly$script",
    [
      1047371
    ]
  ],
  [
    "||app3.emlgrid.com/static/sm.js$script",
    [
      1047372
    ]
  ],
  [
    "webpush-desktop.chunk.js",
    [
      1047373
    ]
  ],
  [
    "||push4site.com/Static/Script/$script",
    [
      1047374
    ]
  ],
  [
    "cdn.ghostmonitor.com",
    [
      1047375
    ]
  ],
  [
    "notify.hindustantimes.com",
    [
      1047376
    ]
  ],
  [
    "webpush.interia.pl",
    [
      1047377
    ]
  ],
  [
    ".izooto.com/scripts",
    [
      1047378
    ]
  ],
  [
    "js.pusher.com$domain=~itv.com|~lickd.co|~foliohd.com",
    [
      1047379
    ]
  ],
  [
    "||push-ad.com/integration.php$script",
    [
      1047380
    ]
  ],
  [
    "||cdn.pushassist.com/account/assets/$script",
    [
      1047381
    ]
  ],
  [
    "||gadgets.ndtv.com/static/desktop/js/notification_popup-min.js$script",
    [
      1047382
    ]
  ],
  [
    "pusherism.com",
    [
      1047383
    ]
  ],
  [
    "pushnest.com",
    [
      1047384
    ]
  ],
  [
    "||getpushmonkey.com/sdk/config$script",
    [
      1047385
    ]
  ],
  [
    "||cdn.onesignal.com/sdks$script",
    [
      1047386
    ]
  ],
  [
    "||pushpushgo.com/js$script",
    [
      1047387
    ]
  ],
  [
    "cdn.sendpulse.com$domain=~movie4k.eu",
    [
      1047388
    ]
  ],
  [
    "||salesmanago.pl/static/sm.js$script",
    [
      1047389
    ]
  ],
  [
    "cdn.pushcrew.com",
    [
      1047390
    ]
  ],
  [
    "/streamlined-push-plugin.production.min.js",
    [
      1047391
    ]
  ],
  [
    "app.push-ad.com",
    [
      1047392
    ]
  ],
  [
    "/pushnotification/service-worker-script.js",
    [
      1047393
    ]
  ],
  [
    "/sp-push-worker.js",
    [
      1047394
    ]
  ],
  [
    "95p5qep4aq.com",
    [
      1047395
    ]
  ],
  [
    "||snrcdn.net/sdk/$script",
    [
      1047396
    ]
  ],
  [
    "via.batch.com",
    [
      1047397
    ]
  ],
  [
    "||wonderpush.com/sdk/$script",
    [
      1047398
    ]
  ],
  [
    "clientcdn.pushengage.com",
    [
      1047399
    ]
  ],
  [
    "||web-sdk.urbanairship.com/notify/$script",
    [
      1047400
    ]
  ],
  [
    "api.sociaplus.com",
    [
      1047401
    ]
  ],
  [
    "/plugins/tmx-push/*",
    [
      1047402
    ]
  ],
  [
    "/firebase-messaging.js$domain=~dn.pt|~jn.pt",
    [
      1047403
    ]
  ],
  [
    "pushno.com",
    [
      1047404
    ]
  ],
  [
    "pushwhy.com",
    [
      1047405
    ]
  ],
  [
    "pushame.com",
    [
      1047406
    ]
  ],
  [
    "||voirfilms.ws/sw.js$script",
    [
      1047407
    ]
  ],
  [
    "||siteswithcontent.com/js/push$script",
    [
      1047408
    ]
  ],
  [
    "||cdn.moengage.com/webpush$script",
    [
      1047409
    ]
  ],
  [
    "||brandflow.net/static/general/push-init-code.js$script",
    [
      1047410
    ]
  ],
  [
    "||cleverpush.com/channel/loader$script",
    [
      1047411
    ]
  ],
  [
    "||static.getback.ch/clients$script",
    [
      1047412
    ]
  ],
  [
    "/PushNotifications.",
    [
      1047413
    ]
  ],
  [
    "cdn.pushowl.com",
    [
      1047414
    ]
  ],
  [
    "||accengage.net/pushweb/$script",
    [
      1047415
    ]
  ],
  [
    "||cdn.foxpush.net/sdk/foxpush_SDK$script",
    [
      1047416
    ]
  ],
  [
    "||js.appboycdn.com/web-sdk/$script",
    [
      1047417
    ]
  ],
  [
    "||cdn.taboola.com/libtrc/tmg-network/loader.js$script",
    [
      1047418
    ]
  ],
  [
    "/js/push_subscription.js",
    [
      1047419
    ]
  ],
  [
    "||pushwoosh.com/webpush$script",
    [
      1047420
    ]
  ],
  [
    "push_service-worker.js",
    [
      1047421
    ]
  ],
  [
    "0_ghpush_client.js",
    [
      1047422
    ]
  ],
  [
    "||pastoupt.com/ntfc.php$script",
    [
      1047423
    ]
  ],
  [
    "||pushsar.com/ntfc.php$script",
    [
      1047424
    ]
  ],
  [
    "sdk.jeeng.com",
    [
      1047425
    ]
  ],
  [
    "||d3bo67muzbfgtl.cloudfront.net/edrone$script",
    [
      1047426
    ]
  ],
  [
    "||admessage.support/system_domain.js$script",
    [
      1047427
    ]
  ],
  [
    "/push/js/sdk/insider-push-native-sdk.js",
    [
      1047428
    ]
  ],
  [
    "pharance.com",
    [
      1047429
    ]
  ],
  [
    "||pushance.com/ntfc.php$script",
    [
      1047430
    ]
  ],
  [
    "||tattepush.com/push.js$script",
    [
      1047431
    ]
  ],
  [
    ".contentsitesrv.com/js/push",
    [
      1047432
    ]
  ],
  [
    "||jattepush.com/push.js$script",
    [
      1047433
    ]
  ],
  [
    "||pushanert.com/ntfc.php$script",
    [
      1047434
    ]
  ],
  [
    "/web-push/init.min.js$domain=~finanzen.ch|~finanzen.net|~finanzen.at",
    [
      1047435
    ]
  ],
  [
    "||aimtell.com/trackpush/trackpush.min.js$script",
    [
      1047436
    ]
  ],
  [
    "||hmcfront.akamaized.net/hd/extra/assets/www/notification.$script",
    [
      1047437
    ]
  ],
  [
    "/webpush.js",
    [
      1047438
    ]
  ],
  [
    "||youlead.pl/ylwebpush.js$script",
    [
      1047439
    ]
  ],
  [
    "push.delivery.ethinking.de",
    [
      1047440
    ]
  ],
  [
    "/web-push.js",
    [
      1047441
    ]
  ],
  [
    "||freeclick.me/?pu=$script",
    [
      1047442
    ]
  ],
  [
    "||cdn.pushalert.co/integrate$script",
    [
      1047443
    ]
  ],
  [
    "||cdn.gravitec.net/storage$script",
    [
      1047444
    ]
  ],
  [
    ".izooto.com/optin",
    [
      1047445
    ]
  ],
  [
    "cdn.qgraph.io",
    [
      1047446
    ]
  ],
  [
    "sw.wpush.org",
    [
      1047447
    ]
  ],
  [
    "||cdn.pn.vg/c/ig/pushnews.min.js$script",
    [
      1047448
    ]
  ],
  [
    "||subscribers.com/assets/subscribers.js$script",
    [
      1047449
    ]
  ],
  [
    "/webpush-loader.js",
    [
      1047450
    ]
  ],
  [
    "app.wigzo.com",
    [
      1047451
    ]
  ],
  [
    "app.getbeamer.com",
    [
      1047452
    ]
  ],
  [
    "api.signalize.com",
    [
      1047453
    ]
  ],
  [
    "cdn.letreach.com",
    [
      1047454
    ]
  ],
  [
    "gg.faromen.online",
    [
      1047455
    ]
  ],
  [
    "/js/webpushr.app",
    [
      1047456
    ]
  ],
  [
    "||pushwoosh.com/json$script",
    [
      1047457
    ]
  ],
  [
    "||pushpushgo.com/scripts$script",
    [
      1047458
    ]
  ],
  [
    "||hrbpark.bid/pushJs$script",
    [
      1047459
    ]
  ],
  [
    "||webpushs.com/js/push$script",
    [
      1047460
    ]
  ],
  [
    "wwopenclick.space",
    [
      1047461
    ]
  ],
  [
    "iss.shopimind.com",
    [
      1047462
    ]
  ],
  [
    "||cdn.pn.vg/push$script",
    [
      1047463
    ]
  ],
  [
    "/webpush-production.js",
    [
      1047464
    ]
  ],
  [
    "cdn.notifyvisitors.com",
    [
      1047465
    ]
  ],
  [
    "||cdn.webpushr.com/app$script",
    [
      1047466
    ]
  ],
  [
    "t2.netsalesmedia.pl",
    [
      1047467
    ]
  ],
  [
    "api.pushnami.com",
    [
      1047468
    ]
  ],
  [
    "/OneSignalSDK",
    [
      1047469
    ]
  ],
  [
    "||aswpsdkus.com/notify$script",
    [
      1047470
    ]
  ],
  [
    "/web-push-notification.js",
    [
      1047471
    ]
  ],
  [
    "/nano-webpush-ui",
    [
      1047472
    ]
  ],
  [
    "cdn.pushmaster-cdn.xyz",
    [
      1047473
    ]
  ],
  [
    "cdn.netmera-web.com",
    [
      1047474
    ]
  ],
  [
    "/smio-push-notification/*",
    [
      1047475
    ]
  ],
  [
    "/BildirtSDKfiles.js",
    [
      1047476
    ]
  ],
  [
    "cdn.onepush.app",
    [
      1047477
    ]
  ],
  [
    "||truepush.com/sdk$script",
    [
      1047478
    ]
  ],
  [
    "||assets.emarsys.net/web-emarsys-sdk/*$script",
    [
      1047479
    ]
  ],
  [
    "||notifpush.com/scripts$script",
    [
      1047480
    ]
  ],
  [
    "||js.smct.io/*/notifications*$script",
    [
      1047481
    ]
  ],
  [
    "push/push*$script",
    [
      1047482
    ]
  ],
  [
    "||pushwoosh.com^",
    [
      1047483
    ]
  ],
  [
    "/pushnotifications^",
    [
      1047484
    ]
  ],
  [
    "||sendsay.ru/backend/push/*",
    [
      1047485
    ]
  ],
  [
    "/social_push_notifications/*",
    [
      1047486
    ]
  ],
  [
    "||pushpanda.io^$third-party",
    [
      1047487
    ]
  ],
  [
    "||potisni.me/js/enable-push.js$third-party",
    [
      1047488
    ]
  ],
  [
    "/_pushAllow.js",
    [
      1047489
    ]
  ],
  [
    "/clevertap.min.js",
    [
      1047490
    ]
  ],
  [
    "plugins/tfnotifier-wp/*",
    [
      1047491
    ]
  ],
  [
    "messaging/webpush*",
    [
      1047492
    ]
  ],
  [
    "/service-webpush-firebase.js",
    [
      1047493
    ]
  ],
  [
    "/js/push.js",
    [
      1047494
    ]
  ],
  [
    "/notification.*.js$domain=~qudosbank.com.au|~myhealth.va.gov|~costco.ca|~costco.com",
    [
      1047495
    ]
  ],
  [
    "@@||notification.dmm.co.jp$script",
    [
      1047496
    ]
  ],
  [
    "||notix.io^$third-party",
    [
      1047497
    ]
  ],
  [
    "||pushouse.com^$third-party",
    [
      1047498
    ]
  ],
  [
    "||yottlyscript.com/push/*",
    [
      1047499
    ]
  ],
  [
    "/wzrk_dialog.min.js",
    [
      1047500
    ]
  ],
  [
    "||gr-cdn-e.eu/*/push-notification^$script",
    [
      1047501
    ]
  ],
  [
    "||dengage.com^$third-party",
    [
      1047502
    ]
  ],
  [
    "||larapush.com^$third-party",
    [
      1047503
    ]
  ],
  [
    "/sw.js$domain=pinterest.com",
    [
      1047504
    ]
  ],
  [
    "/public/spartanien/js/sw_handler$domain=spartanien.de",
    [
      1047505
    ]
  ],
  [
    "/pushes/notification.js$domain=rt.com",
    [
      1047506
    ]
  ],
  [
    "/js/subscriber$domain=mitula.pt",
    [
      1047507
    ]
  ],
  [
    "/firebase.js$domain=alibaba.com",
    [
      1047508
    ]
  ],
  [
    "/sw.js$domain=1337x.is",
    [
      1047509
    ]
  ],
  [
    "/sw.js$domain=1337x.to",
    [
      1047510
    ]
  ],
  [
    "/push-main-min.js$domain=ndtv.com",
    [
      1047511
    ]
  ],
  [
    "/js/adNotice.js$domain=hardwarezone.com.sg",
    [
      1047512
    ]
  ],
  [
    "/push/*$domain=tut.by",
    [
      1047513
    ]
  ],
  [
    "/firebase.min.js$domain=azoresgetaways.com",
    [
      1047514
    ]
  ],
  [
    "/firebase.js$domain=tribunavalladolid.com",
    [
      1047515
    ]
  ],
  [
    "client-.js$domain=hoerbuch.us",
    [
      1047516
    ]
  ],
  [
    "/js/a.js$domain=allevents.in",
    [
      1047517
    ]
  ],
  [
    "notifi.min.js$domain=antyradio.pl",
    [
      1047518
    ]
  ],
  [
    "/app.js$domain=lightinthebox.com",
    [
      1047519
    ]
  ],
  [
    "/min/js/sw/*$domain=sputniknews.com",
    [
      1047520
    ]
  ],
  [
    "/clientt.js$domain=cript.to",
    [
      1047521
    ]
  ],
  [
    "wsNotification.js$domain=wondershare.com",
    [
      1047522
    ]
  ],
  [
    "||tags.tiqcdn.com/utag$script,domain=national-lottery.co.uk",
    [
      1047523
    ]
  ],
  [
    "/notification-topics.js^$domain=winnipegfreepress.com",
    [
      1047524
    ]
  ],
  [
    "nebula-cdn.kampyle.com",
    [
      1047525
    ]
  ],
  [
    "||turbo.qualaroo.com/c.js$script",
    [
      1047526
    ]
  ],
  [
    "||scripts.psyma.com/layer_question$script",
    [
      1047527
    ]
  ],
  [
    "w.usabilla.com",
    [
      1047528
    ]
  ],
  [
    "||static.hotjar.com/c/hotjar$script",
    [
      1047529
    ]
  ],
  [
    "||scripts.psyma.com/html/layer/json_question.php$script",
    [
      1047530
    ]
  ],
  [
    "||visualwebsiteoptimizer.com/va_survey$script",
    [
      1047531
    ]
  ],
  [
    "gateway.answerscloud.com",
    [
      1047532
    ]
  ],
  [
    "st.getsitecontrol.com",
    [
      1047533
    ]
  ],
  [
    "||survey.g.doubleclick.net/survey$script",
    [
      1047534
    ]
  ],
  [
    "/opiniac.js",
    [
      1047535
    ]
  ],
  [
    "||ssl.ceneo.pl/shops/$script",
    [
      1047536
    ]
  ],
  [
    "||cloud.netquest.sk/scripts/widget$script",
    [
      1047537
    ]
  ],
  [
    "||storage.googleapis.com/outfox/ocs/surveys/$script",
    [
      1047538
    ]
  ],
  [
    "||kameleoon.eu/kameleoon.js$script",
    [
      1047539
    ]
  ],
  [
    "||invitation.opinionbar.com/wit/popups$script",
    [
      1047540
    ]
  ],
  [
    "||neads.delivery/opinion-seed-embed.js$script",
    [
      1047541
    ]
  ],
  [
    "||collect.mopinion.com/assets/surveys/$script",
    [
      1047542
    ]
  ],
  [
    "/runtimejs/dist/survey/js/survey.js$domain=~alchemer.eu",
    [
      1047543
    ]
  ],
  [
    "||surveygizmobeacon.s3.amazonaws.com/beaconconfigs/$script",
    [
      1047544
    ]
  ],
  [
    "||cpx.smind.hr/Log/LogData$script",
    [
      1047545
    ]
  ],
  [
    "||widget.surveymonkey.com/collect$script,domain=~onboarding.italki.com",
    [
      1047546
    ]
  ],
  [
    "||cdn.feedbackify.com/f.js$script",
    [
      1047547
    ]
  ],
  [
    "||invitation.opinionbar.com/popups$script",
    [
      1047548
    ]
  ],
  [
    "/bundles/Scripts/OpinionLab.js",
    [
      1047549
    ]
  ],
  [
    "||survey.nuggad.net/c/layer-html$script",
    [
      1047550
    ]
  ],
  [
    "||ips-invite.iperceptions.com/invitations$script",
    [
      1047551
    ]
  ],
  [
    "/oo_engine.min.js",
    [
      1047552
    ]
  ],
  [
    "||userzoom.com/feedback$script",
    [
      1047553
    ]
  ],
  [
    "||invite.leanlab.co/invite/invite.js$script",
    [
      1047554
    ]
  ],
  [
    "||userreport.com/newsquest/launcher.js$script",
    [
      1047555
    ]
  ],
  [
    "siteintercept.qualtrics.com",
    [
      1047556
    ]
  ],
  [
    "||sandsiv.com/digi_runner.js?surveyId$script",
    [
      1047557
    ]
  ],
  [
    "||digitalfeedback.euro.confirmit.com/api$script",
    [
      1047558
    ]
  ],
  [
    "||taskanalytics.com/tm.js$script",
    [
      1047559
    ]
  ],
  [
    "popup.designtutkimus.fi",
    [
      1047560
    ]
  ],
  [
    "||guitaretab.com/static/js/hats$script",
    [
      1047561
    ]
  ],
  [
    "/v1/survey_invite.min.js",
    [
      1047562
    ]
  ],
  [
    "||app.alpheid.com/js/marketing_automation$script",
    [
      1047563
    ]
  ],
  [
    "||siteimproveanalytics.com/js/siteanalyze$script",
    [
      1047564
    ]
  ],
  [
    "||cdn.judge.me/shopify_v2.js$script",
    [
      1047565
    ]
  ],
  [
    "||static.yourcx.io/customers$script",
    [
      1047566
    ]
  ],
  [
    "||webankieta.pl/scripts/widget$script",
    [
      1047567
    ]
  ],
  [
    "popin.survey-xact.dk",
    [
      1047568
    ]
  ],
  [
    "||myaudience.de/sv/rifflejs.php$script",
    [
      1047569
    ]
  ],
  [
    "||survey.survicate.com/workspaces$script",
    [
      1047570
    ]
  ],
  [
    "||tryinteract.com/promotions/init.js$script",
    [
      1047571
    ]
  ],
  [
    "||scripts.psyma.com/scripts$script",
    [
      1047572
    ]
  ],
  [
    "||surveygizmo.eu/runtimejs/intercept$script",
    [
      1047573
    ]
  ],
  [
    "widgets.opinary.com",
    [
      1047574
    ]
  ],
  [
    "||uxfeedback.ru/widget.js$script",
    [
      1047575
    ]
  ],
  [
    "||e-satisfaction.com/dist/js/integration$script",
    [
      1047576
    ]
  ],
  [
    "||gateway.foresee.com$third-party",
    [
      1047577
    ]
  ],
  [
    "/vendor/opinionlab/*$domain=lenovo.com",
    [
      1047578
    ]
  ],
  [
    "survey.js$domain=medier24.no",
    [
      1047579
    ]
  ],
  [
    "/components-nps-survey$domain=spanishdict.com",
    [
      1047580
    ]
  ],
  [
    "ExitIntentModal.js$domain=stepstone.de",
    [
      1047581
    ]
  ],
  [
    "/surveys/*$domain=europa.eu",
    [
      1047582
    ]
  ],
  [
    "||visitor.reactful.com/dist/main$script",
    [
      1047583
    ]
  ],
  [
    "/popup/puppy.js$domain=sueddeutsche.de",
    [
      1047584
    ]
  ],
  [
    "||userreport.com/aperitif/launcher.js",
    [
      1047585
    ]
  ],
  [
    "||apps.veedio.it/js/videobox$script",
    [
      1047586
    ]
  ],
  [
    "/responsive-player/video-feature-sticky.js",
    [
      1047587
    ]
  ],
  [
    "||s-pt.ppstatic.pl/p/js/regionalne/plywajace_wideo.js$script",
    [
      1047588
    ]
  ],
  [
    "/js/compiled/atoms/article/sticky-video.js",
    [
      1047589
    ]
  ],
  [
    "||sdk.digitalbees.it/jssdk.js$script",
    [
      1047590
    ]
  ],
  [
    "||live.sekindo.com/live/liveView.php$script",
    [
      1047591
    ]
  ],
  [
    "||c.jsrdn.com/s/cs.js$script",
    [
      1047592
    ]
  ],
  [
    "||playwire.com/plugins/docky.min.js$script",
    [
      1047593
    ]
  ],
  [
    "||cdn.connatix.com/min/connatix.renderer.infeed.min.js$script",
    [
      1047594
    ]
  ],
  [
    "||ultimedia.com/api/widget/smart$script",
    [
      1047595
    ]
  ],
  [
    "||stream.playbuzz.com/embed/sdk.js$script",
    [
      1047596
    ]
  ],
  [
    "||delivery.youplay.se/load.js$script",
    [
      1047597
    ]
  ],
  [
    "embed.sendtonews.com",
    [
      1047598
    ]
  ],
  [
    "/wp-content/plugins/pmc-plugins/pmc-adm/*",
    [
      1047599
    ]
  ],
  [
    "||services.brid.tv/player$script",
    [
      1047600
    ]
  ],
  [
    "||mgid.com/js/wglibs/mgWidget$script",
    [
      1047601
    ]
  ],
  [
    "/stn-player.js$domain=titantv.com",
    [
      1047602
    ]
  ],
  [
    "||vplayer.enthusiastgaming.com/player/build/plugins/slideinview/*",
    [
      1047603
    ]
  ],
  [
    "/mol-adverts-delayed.js$domain=dailymail.co.uk",
    [
      1047604
    ]
  ],
  [
    "/twocol_article_autoplay/*$domain=belfasttelegraph.co.uk",
    [
      1047605
    ]
  ],
  [
    "players.brightcove.net$domain=uproxx.com",
    [
      1047606
    ]
  ],
  [
    "/coronaWidget5/*$domain=ibtimes.sg",
    [
      1047607
    ]
  ]
]